Archive member included to satisfy reference by file (symbol)

c:/program files (x86)/atmel/studio/7.0/toolchain/arm/arm-gnu-toolchain/bin/../lib/gcc/arm-none-eabi/6.3.1/thumb/v6-m\libgcc.a(_udivsi3.o)
                              hpl/core/hpl_core_m0plus_base.o (__aeabi_uidiv)
c:/program files (x86)/atmel/studio/7.0/toolchain/arm/arm-gnu-toolchain/bin/../lib/gcc/arm-none-eabi/6.3.1/thumb/v6-m\libgcc.a(_dvmd_tls.o)
                              c:/program files (x86)/atmel/studio/7.0/toolchain/arm/arm-gnu-toolchain/bin/../lib/gcc/arm-none-eabi/6.3.1/thumb/v6-m\libgcc.a(_udivsi3.o) (__aeabi_idiv0)
c:/program files (x86)/atmel/studio/7.0/toolchain/arm/arm-gnu-toolchain/bin/../lib/gcc/arm-none-eabi/6.3.1/thumb/v6-m\libgcc.a(_arm_cmpsf2.o)
                              main.o (__aeabi_fcmplt)
c:/program files (x86)/atmel/studio/7.0/toolchain/arm/arm-gnu-toolchain/bin/../lib/gcc/arm-none-eabi/6.3.1/thumb/v6-m\libgcc.a(_aeabi_uldivmod.o)
                              hpl/sercom/hpl_sercom.o (__aeabi_uldivmod)
c:/program files (x86)/atmel/studio/7.0/toolchain/arm/arm-gnu-toolchain/bin/../lib/gcc/arm-none-eabi/6.3.1/thumb/v6-m\libgcc.a(_muldi3.o)
                              hpl/sercom/hpl_sercom.o (__aeabi_lmul)
c:/program files (x86)/atmel/studio/7.0/toolchain/arm/arm-gnu-toolchain/bin/../lib/gcc/arm-none-eabi/6.3.1/thumb/v6-m\libgcc.a(_fixunsdfsi.o)
                              hpl/sercom/hpl_sercom.o (__aeabi_d2uiz)
c:/program files (x86)/atmel/studio/7.0/toolchain/arm/arm-gnu-toolchain/bin/../lib/gcc/arm-none-eabi/6.3.1/thumb/v6-m\libgcc.a(_udivmoddi4.o)
                              c:/program files (x86)/atmel/studio/7.0/toolchain/arm/arm-gnu-toolchain/bin/../lib/gcc/arm-none-eabi/6.3.1/thumb/v6-m\libgcc.a(_aeabi_uldivmod.o) (__udivmoddi4)
c:/program files (x86)/atmel/studio/7.0/toolchain/arm/arm-gnu-toolchain/bin/../lib/gcc/arm-none-eabi/6.3.1/thumb/v6-m\libgcc.a(eqsf2.o)
                              c:/program files (x86)/atmel/studio/7.0/toolchain/arm/arm-gnu-toolchain/bin/../lib/gcc/arm-none-eabi/6.3.1/thumb/v6-m\libgcc.a(_arm_cmpsf2.o) (__eqsf2)
c:/program files (x86)/atmel/studio/7.0/toolchain/arm/arm-gnu-toolchain/bin/../lib/gcc/arm-none-eabi/6.3.1/thumb/v6-m\libgcc.a(gesf2.o)
                              c:/program files (x86)/atmel/studio/7.0/toolchain/arm/arm-gnu-toolchain/bin/../lib/gcc/arm-none-eabi/6.3.1/thumb/v6-m\libgcc.a(_arm_cmpsf2.o) (__gesf2)
c:/program files (x86)/atmel/studio/7.0/toolchain/arm/arm-gnu-toolchain/bin/../lib/gcc/arm-none-eabi/6.3.1/thumb/v6-m\libgcc.a(lesf2.o)
                              c:/program files (x86)/atmel/studio/7.0/toolchain/arm/arm-gnu-toolchain/bin/../lib/gcc/arm-none-eabi/6.3.1/thumb/v6-m\libgcc.a(_arm_cmpsf2.o) (__lesf2)
c:/program files (x86)/atmel/studio/7.0/toolchain/arm/arm-gnu-toolchain/bin/../lib/gcc/arm-none-eabi/6.3.1/thumb/v6-m\libgcc.a(divdf3.o)
                              hpl/sercom/hpl_sercom.o (__aeabi_ddiv)
c:/program files (x86)/atmel/studio/7.0/toolchain/arm/arm-gnu-toolchain/bin/../lib/gcc/arm-none-eabi/6.3.1/thumb/v6-m\libgcc.a(muldf3.o)
                              hpl/sercom/hpl_sercom.o (__aeabi_dmul)
c:/program files (x86)/atmel/studio/7.0/toolchain/arm/arm-gnu-toolchain/bin/../lib/gcc/arm-none-eabi/6.3.1/thumb/v6-m\libgcc.a(subdf3.o)
                              hpl/sercom/hpl_sercom.o (__aeabi_dsub)
c:/program files (x86)/atmel/studio/7.0/toolchain/arm/arm-gnu-toolchain/bin/../lib/gcc/arm-none-eabi/6.3.1/thumb/v6-m\libgcc.a(fixdfsi.o)
                              c:/program files (x86)/atmel/studio/7.0/toolchain/arm/arm-gnu-toolchain/bin/../lib/gcc/arm-none-eabi/6.3.1/thumb/v6-m\libgcc.a(_fixunsdfsi.o) (__aeabi_d2iz)
c:/program files (x86)/atmel/studio/7.0/toolchain/arm/arm-gnu-toolchain/bin/../lib/gcc/arm-none-eabi/6.3.1/thumb/v6-m\libgcc.a(floatsidf.o)
                              hpl/sercom/hpl_sercom.o (__aeabi_i2d)
c:/program files (x86)/atmel/studio/7.0/toolchain/arm/arm-gnu-toolchain/bin/../lib/gcc/arm-none-eabi/6.3.1/thumb/v6-m\libgcc.a(floatunsidf.o)
                              hpl/sercom/hpl_sercom.o (__aeabi_ui2d)
c:/program files (x86)/atmel/studio/7.0/toolchain/arm/arm-gnu-toolchain/bin/../lib/gcc/arm-none-eabi/6.3.1/thumb/v6-m\libgcc.a(extendsfdf2.o)
                              main.o (__aeabi_f2d)
c:/program files (x86)/atmel/studio/7.0/toolchain/arm/arm-gnu-toolchain/bin/../lib/gcc/arm-none-eabi/6.3.1/thumb/v6-m\libgcc.a(_arm_cmpdf2.o)
                              c:/program files (x86)/atmel/studio/7.0/toolchain/arm/arm-gnu-toolchain/bin/../lib/gcc/arm-none-eabi/6.3.1/thumb/v6-m\libgcc.a(_fixunsdfsi.o) (__aeabi_dcmpge)
c:/program files (x86)/atmel/studio/7.0/toolchain/arm/arm-gnu-toolchain/bin/../lib/gcc/arm-none-eabi/6.3.1/thumb/v6-m\libgcc.a(_clzsi2.o)
                              c:/program files (x86)/atmel/studio/7.0/toolchain/arm/arm-gnu-toolchain/bin/../lib/gcc/arm-none-eabi/6.3.1/thumb/v6-m\libgcc.a(divdf3.o) (__clzsi2)
[...]
Memory Configuration

Name             Origin             Length             Attributes
rom              0x00000000         0x00040000         xr
ram              0x20000000         0x00008000         xrw
*default*        0x00000000         0xffffffff

Linker script and memory map

LOAD c:/program files (x86)/atmel/studio/7.0/toolchain/arm/arm-gnu-toolchain/bin/../lib/gcc/arm-none-eabi/6.3.1/thumb/v6-m/crti.o
LOAD c:/program files (x86)/atmel/studio/7.0/toolchain/arm/arm-gnu-toolchain/bin/../lib/gcc/arm-none-eabi/6.3.1/thumb/v6-m/crtbegin.o
LOAD c:/program files (x86)/atmel/studio/7.0/toolchain/arm/arm-gnu-toolchain/bin/../lib/gcc/arm-none-eabi/6.3.1/../../../../arm-none-eabi/lib/thumb/v6-m/crt0.o
LOAD atmel_start.o
LOAD Device_Startup/startup_samd21.o
LOAD Device_Startup/system_samd21.o
LOAD driver_init.o
LOAD examples/driver_examples.o
LOAD hal/src/hal_atomic.o
LOAD hal/src/hal_delay.o
LOAD hal/src/hal_gpio.o
LOAD hal/src/hal_init.o
LOAD hal/src/hal_io.o
LOAD hal/src/hal_sleep.o
LOAD hal/src/hal_spi_m_sync.o
LOAD hal/src/hal_usart_sync.o
LOAD hal/utils/src/utils_assert.o
LOAD hal/utils/src/utils_event.o
LOAD hal/utils/src/utils_list.o
LOAD hal/utils/src/utils_syscalls.o
LOAD hpl/core/hpl_core_m0plus_base.o
LOAD hpl/core/hpl_init.o
LOAD hpl/dmac/hpl_dmac.o
LOAD hpl/gclk/hpl_gclk.o
LOAD hpl/pm/hpl_pm.o
LOAD hpl/sercom/hpl_sercom.o
LOAD hpl/sysctrl/hpl_sysctrl.o
LOAD main.o
START GROUP
LOAD c:/program files (x86)/atmel/studio/7.0/toolchain/arm/arm-gnu-toolchain/bin/../lib/gcc/arm-none-eabi/6.3.1/../../../../arm-none-eabi/lib/thumb/v6-m\libm.a
END GROUP
START GROUP
LOAD c:/program files (x86)/atmel/studio/7.0/toolchain/arm/arm-gnu-toolchain/bin/../lib/gcc/arm-none-eabi/6.3.1/thumb/v6-m\libgcc.a
LOAD c:/program files (x86)/atmel/studio/7.0/toolchain/arm/arm-gnu-toolchain/bin/../lib/gcc/arm-none-eabi/6.3.1/../../../../arm-none-eabi/lib/thumb/v6-m\libc_nano.a
END GROUP
START GROUP
LOAD c:/program files (x86)/atmel/studio/7.0/toolchain/arm/arm-gnu-toolchain/bin/../lib/gcc/arm-none-eabi/6.3.1/thumb/v6-m\libgcc.a
LOAD c:/program files (x86)/atmel/studio/7.0/toolchain/arm/arm-gnu-toolchain/bin/../lib/gcc/arm-none-eabi/6.3.1/../../../../arm-none-eabi/lib/thumb/v6-m\libc_nano.a
END GROUP
LOAD c:/program files (x86)/atmel/studio/7.0/toolchain/arm/arm-gnu-toolchain/bin/../lib/gcc/arm-none-eabi/6.3.1/thumb/v6-m/crtend.o
LOAD c:/program files (x86)/atmel/studio/7.0/toolchain/arm/arm-gnu-toolchain/bin/../lib/gcc/arm-none-eabi/6.3.1/thumb/v6-m/crtn.o
                0x00002000                STACK_SIZE = DEFINED (STACK_SIZE)?STACK_SIZE:DEFINED (__stack_size__)?__stack_size__:0x2000

.text           0x00000000     0x19e4
                0x00000000                . = ALIGN (0x4)
                0x00000000                _sfixed = .
 *(.vectors .vectors.*)
 .vectors       0x00000000       0xb4 Device_Startup/startup_samd21.o
                0x00000000                exception_table
 *(.text .text.* .gnu.linkonce.t.*)
 .text          0x000000b4       0x60 c:/program files (x86)/atmel/studio/7.0/toolchain/arm/arm-gnu-toolchain/bin/../lib/gcc/arm-none-eabi/6.3.1/thumb/v6-m/crtbegin.o
 .text.atmel_start_init
                0x00000114        0xc atmel_start.o
                0x00000114                atmel_start_init
 .text.Dummy_Handler
                0x00000120        0x2 Device_Startup/startup_samd21.o
                0x00000120                SVCall_Handler
                0x00000120                DMAC_Handler
                0x00000120                HardFault_Handler
                0x00000120                AC_Handler
                0x00000120                SysTick_Handler
                0x00000120                PendSV_Handler
                0x00000120                TC7_Handler
                0x00000120                SERCOM1_Handler
                0x00000120                ADC_Handler
                0x00000120                NonMaskableInt_Handler
                0x00000120                TCC1_Handler
                0x00000120                SERCOM2_Handler
                0x00000120                TCC0_Handler
                0x00000120                RTC_Handler
                0x00000120                EIC_Handler
                0x00000120                TC6_Handler
                0x00000120                WDT_Handler
                0x00000120                TC4_Handler
                0x00000120                USB_Handler
                0x00000120                TC3_Handler
                0x00000120                Dummy_Handler
                0x00000120                PM_Handler
                0x00000120                SERCOM5_Handler
                0x00000120                TCC2_Handler
                0x00000120                EVSYS_Handler
                0x00000120                SERCOM3_Handler
                0x00000120                SERCOM4_Handler
                0x00000120                I2S_Handler
                0x00000120                NVMCTRL_Handler
                0x00000120                SERCOM0_Handler
                0x00000120                DAC_Handler
                0x00000120                PTC_Handler
                0x00000120                TC5_Handler
                0x00000120                SYSCTRL_Handler
 *fill*         0x00000122        0x2 
 .text.Reset_Handler
                0x00000124       0xe4 Device_Startup/startup_samd21.o
                0x00000124                Reset_Handler
 .text.USART_0_PORT_init
                0x00000208       0x40 driver_init.o
                0x00000208                USART_0_PORT_init
 .text.USART_0_CLOCK_init
                0x00000248       0x20 driver_init.o
                0x00000248                USART_0_CLOCK_init
 .text.USART_0_init
                0x00000268       0x2c driver_init.o
                0x00000268                USART_0_init
 .text.SPI_0_PORT_init
                0x00000294       0xbc driver_init.o
                0x00000294                SPI_0_PORT_init
 .text.SPI_0_CLOCK_init
                0x00000350       0x20 driver_init.o
                0x00000350                SPI_0_CLOCK_init
 .text.SPI_0_init
                0x00000370       0x28 driver_init.o
                0x00000370                SPI_0_init
 .text.system_init
                0x00000398       0x1c driver_init.o
                0x00000398                system_init
 .text.spi_m_sync_init
                0x000003b4       0x54 hal/src/hal_spi_m_sync.o
                0x000003b4                spi_m_sync_init
 .text.spi_m_sync_transfer
                0x00000408       0x48 hal/src/hal_spi_m_sync.o
                0x00000408                spi_m_sync_transfer
 .text._spi_m_sync_io_write
                0x00000450       0x3c hal/src/hal_spi_m_sync.o
 .text._spi_m_sync_io_read
                0x0000048c       0x3c hal/src/hal_spi_m_sync.o
 .text.usart_sync_write
                0x000004c8       0x7c hal/src/hal_usart_sync.o
 .text.usart_sync_read
                0x00000544       0x68 hal/src/hal_usart_sync.o
 .text.usart_sync_init
                0x000005ac       0x4c hal/src/hal_usart_sync.o
                0x000005ac                usart_sync_init
 .text.assert   0x000005f8        0x8 hal/utils/src/utils_assert.o
                0x000005f8                assert
 .text._sbrk    0x00000600       0x24 hal/utils/src/utils_syscalls.o
                0x00000600                _sbrk
 .text._init_chip
                0x00000624       0x30 hpl/core/hpl_init.o
                0x00000624                _init_chip
 .text._gclk_init_generators_by_fref
                0x00000654       0x20 hpl/gclk/hpl_gclk.o
                0x00000654                _gclk_init_generators_by_fref
 .text._pm_init
                0x00000674       0x20 hpl/pm/hpl_pm.o
                0x00000674                _pm_init
 .text._usart_init
                0x00000694       0x9c hpl/sercom/hpl_sercom.o
 .text._usart_sync_init
                0x00000730       0x2c hpl/sercom/hpl_sercom.o
                0x00000730                _usart_sync_init
 .text._usart_sync_write_byte
                0x0000075c        0x8 hpl/sercom/hpl_sercom.o
                0x0000075c                _usart_sync_write_byte
 .text._usart_sync_read_byte
                0x00000764        0x8 hpl/sercom/hpl_sercom.o
                0x00000764                _usart_sync_read_byte
 .text._usart_sync_is_ready_to_send
                0x0000076c        0xa hpl/sercom/hpl_sercom.o
                0x0000076c                _usart_sync_is_ready_to_send
 .text._usart_sync_is_transmit_done
                0x00000776        0xa hpl/sercom/hpl_sercom.o
                0x00000776                _usart_sync_is_transmit_done
 .text._usart_sync_is_byte_received
                0x00000780        0xa hpl/sercom/hpl_sercom.o
                0x00000780                _usart_sync_is_byte_received
 *fill*         0x0000078a        0x2 
 .text._spi_m_sync_init
                0x0000078c       0xf8 hpl/sercom/hpl_sercom.o
                0x0000078c                _spi_m_sync_init
 .text._spi_m_sync_trans
                0x00000884      0x110 hpl/sercom/hpl_sercom.o
                0x00000884                _spi_m_sync_trans
 .text._sysctrl_init_sources
                0x00000994       0x48 hpl/sysctrl/hpl_sysctrl.o
                0x00000994                _sysctrl_init_sources
 .text._sysctrl_init_referenced_generators
                0x000009dc       0x10 hpl/sysctrl/hpl_sysctrl.o
                0x000009dc                _sysctrl_init_referenced_generators
 .text.parseCommand
                0x000009ec       0x40 main.o
                0x000009ec                parseCommand
 .text.dispatchCommand
                0x00000a2c      0x128 main.o
                0x00000a2c                dispatchCommand
 .text.checkAlarm
                0x00000b54       0x4c main.o
                0x00000b54                checkAlarm
 .text.configure_channels
                0x00000ba0       0x24 main.o
                0x00000ba0                configure_channels
 .text.configure_global_parameters
                0x00000bc4       0x20 main.o
                0x00000bc4                configure_global_parameters
 .text.setup    0x00000be4       0x14 main.o
                0x00000be4                setup
 .text.loop     0x00000bf8       0x28 main.o
                0x00000bf8                loop
 .text.main     0x00000c20       0x1c main.o
                0x00000c20                main
 .text          0x00000c3c      0x114 c:/program files (x86)/atmel/studio/7.0/toolchain/arm/arm-gnu-toolchain/bin/../lib/gcc/arm-none-eabi/6.3.1/thumb/v6-m\libgcc.a(_udivsi3.o)
                0x00000c3c                __aeabi_uidiv
                0x00000c3c                __udivsi3
                0x00000d48                __aeabi_uidivmod
 .text          0x00000d50        0x4 c:/program files (x86)/atmel/studio/7.0/toolchain/arm/arm-gnu-toolchain/bin/../lib/gcc/arm-none-eabi/6.3.1/thumb/v6-m\libgcc.a(_dvmd_tls.o)
                0x00000d50                __aeabi_idiv0
                0x00000d50                __aeabi_ldiv0
 .text          0x00000d54       0x74 c:/program files (x86)/atmel/studio/7.0/toolchain/arm/arm-gnu-toolchain/bin/../lib/gcc/arm-none-eabi/6.3.1/thumb/v6-m\libgcc.a(_arm_cmpsf2.o)
                0x00000d54                __aeabi_cfrcmple
                0x00000d5c                __aeabi_cfcmpeq
                0x00000d5c                __aeabi_cfcmple
                0x00000d6c                __aeabi_fcmpeq
                0x00000d78                __aeabi_fcmplt
                0x00000d8c                __aeabi_fcmple
                0x00000da0                __aeabi_fcmpgt
                0x00000db4                __aeabi_fcmpge
 .text          0x00000dc8       0x4c c:/program files (x86)/atmel/studio/7.0/toolchain/arm/arm-gnu-toolchain/bin/../lib/gcc/arm-none-eabi/6.3.1/thumb/v6-m\libgcc.a(eqsf2.o)
                0x00000dc8                __eqsf2
                0x00000dc8                __nesf2
 .text          0x00000e14       0x80 c:/program files (x86)/atmel/studio/7.0/toolchain/arm/arm-gnu-toolchain/bin/../lib/gcc/arm-none-eabi/6.3.1/thumb/v6-m\libgcc.a(gesf2.o)
                0x00000e14                __gesf2
                0x00000e14                __gtsf2
 .text          0x00000e94       0x84 c:/program files (x86)/atmel/studio/7.0/toolchain/arm/arm-gnu-toolchain/bin/../lib/gcc/arm-none-eabi/6.3.1/thumb/v6-m\libgcc.a(lesf2.o)
                0x00000e94                __ltsf2
                0x00000e94                __lesf2
 .text          0x00000f18       0xa4 c:/program files (x86)/atmel/studio/7.0/toolchain/arm/arm-gnu-toolchain/bin/../lib/gcc/arm-none-eabi/6.3.1/thumb/v6-m\libgcc.a(extendsfdf2.o)
                0x00000f18                __aeabi_f2d
 .text          0x00000fbc       0x3c c:/program files (x86)/atmel/studio/7.0/toolchain/arm/arm-gnu-toolchain/bin/../lib/gcc/arm-none-eabi/6.3.1/thumb/v6-m\libgcc.a(_clzsi2.o)
                0x00000fbc                __clzsi2
 .text.__libc_init_array
                0x00000ff8       0x48 c:/program files (x86)/atmel/studio/7.0/toolchain/arm/arm-gnu-toolchain/bin/../lib/gcc/arm-none-eabi/6.3.1/../../../../arm-none-eabi/lib/thumb/v6-m\libc_nano.a(lib_a-init.o)
                0x00000ff8                __libc_init_array
 .text.memset   0x00001040       0x10 c:/program files (x86)/atmel/studio/7.0/toolchain/arm/arm-gnu-toolchain/bin/../lib/gcc/arm-none-eabi/6.3.1/../../../../arm-none-eabi/lib/thumb/v6-m\libc_nano.a(lib_a-memset.o)
                0x00001040                memset
 .text.sprintf  0x00001050       0x44 c:/program files (x86)/atmel/studio/7.0/toolchain/arm/arm-gnu-toolchain/bin/../lib/gcc/arm-none-eabi/6.3.1/../../../../arm-none-eabi/lib/thumb/v6-m\libc_nano.a(lib_a-sprintf.o)
                0x00001050                siprintf
                0x00001050                sprintf
 .text          0x00001094       0x14 c:/program files (x86)/atmel/studio/7.0/toolchain/arm/arm-gnu-toolchain/bin/../lib/gcc/arm-none-eabi/6.3.1/../../../../arm-none-eabi/lib/thumb/v6-m\libc_nano.a(lib_a-strcmp.o)
                0x00001094                strcmp
 .text.strcpy   0x000010a8       0x10 c:/program files (x86)/atmel/studio/7.0/toolchain/arm/arm-gnu-toolchain/bin/../lib/gcc/arm-none-eabi/6.3.1/../../../../arm-none-eabi/lib/thumb/v6-m\libc_nano.a(lib_a-strcpy.o)
                0x000010a8                strcpy
 .text._malloc_r
                0x000010b8       0xbc c:/program files (x86)/atmel/studio/7.0/toolchain/arm/arm-gnu-toolchain/bin/../lib/gcc/arm-none-eabi/6.3.1/../../../../arm-none-eabi/lib/thumb/v6-m\libc_nano.a(lib_a-nano-mallocr.o)
                0x000010b8                _malloc_r
 .text.__ssputs_r
                0x00001174       0xc4 c:/program files (x86)/atmel/studio/7.0/toolchain/arm/arm-gnu-toolchain/bin/../lib/gcc/arm-none-eabi/6.3.1/../../../../arm-none-eabi/lib/thumb/v6-m\libc_nano.a(lib_a-nano-svfprintf.o)
                0x00001174                __ssputs_r
 .text._svfprintf_r
                0x00001238      0x208 c:/program files (x86)/atmel/studio/7.0/toolchain/arm/arm-gnu-toolchain/bin/../lib/gcc/arm-none-eabi/6.3.1/../../../../arm-none-eabi/lib/thumb/v6-m\libc_nano.a(lib_a-nano-svfprintf.o)
                0x00001238                _svfiprintf_r
                0x00001238                _svfprintf_r
 .text._printf_common
                0x00001440       0xda c:/program files (x86)/atmel/studio/7.0/toolchain/arm/arm-gnu-toolchain/bin/../lib/gcc/arm-none-eabi/6.3.1/../../../../arm-none-eabi/lib/thumb/v6-m\libc_nano.a(lib_a-nano-vfprintf_i.o)
                0x00001440                _printf_common
 *fill*         0x0000151a        0x2 
 .text._printf_i
                0x0000151c      0x234 c:/program files (x86)/atmel/studio/7.0/toolchain/arm/arm-gnu-toolchain/bin/../lib/gcc/arm-none-eabi/6.3.1/../../../../arm-none-eabi/lib/thumb/v6-m\libc_nano.a(lib_a-nano-vfprintf_i.o)
                0x0000151c                _printf_i
 .text._sbrk_r  0x00001750       0x24 c:/program files (x86)/atmel/studio/7.0/toolchain/arm/arm-gnu-toolchain/bin/../lib/gcc/arm-none-eabi/6.3.1/../../../../arm-none-eabi/lib/thumb/v6-m\libc_nano.a(lib_a-sbrkr.o)
                0x00001750                _sbrk_r
 .text.memchr   0x00001774       0x16 c:/program files (x86)/atmel/studio/7.0/toolchain/arm/arm-gnu-toolchain/bin/../lib/gcc/arm-none-eabi/6.3.1/../../../../arm-none-eabi/lib/thumb/v6-m\libc_nano.a(lib_a-memchr-stub.o)
                0x00001774                memchr
 .text.memcpy   0x0000178a       0x12 c:/program files (x86)/atmel/studio/7.0/toolchain/arm/arm-gnu-toolchain/bin/../lib/gcc/arm-none-eabi/6.3.1/../../../../arm-none-eabi/lib/thumb/v6-m\libc_nano.a(lib_a-memcpy-stub.o)
                0x0000178a                memcpy
 .text.memmove  0x0000179c       0x24 c:/program files (x86)/atmel/studio/7.0/toolchain/arm/arm-gnu-toolchain/bin/../lib/gcc/arm-none-eabi/6.3.1/../../../../arm-none-eabi/lib/thumb/v6-m\libc_nano.a(lib_a-memmove.o)
                0x0000179c                memmove
 .text.__malloc_lock
                0x000017c0        0x2 c:/program files (x86)/atmel/studio/7.0/toolchain/arm/arm-gnu-toolchain/bin/../lib/gcc/arm-none-eabi/6.3.1/../../../../arm-none-eabi/lib/thumb/v6-m\libc_nano.a(lib_a-mlock.o)
                0x000017c0                __malloc_lock
 .text.__malloc_unlock
                0x000017c2        0x2 c:/program files (x86)/atmel/studio/7.0/toolchain/arm/arm-gnu-toolchain/bin/../lib/gcc/arm-none-eabi/6.3.1/../../../../arm-none-eabi/lib/thumb/v6-m\libc_nano.a(lib_a-mlock.o)
                0x000017c2                __malloc_unlock
 .text._free_r  0x000017c4       0x94 c:/program files (x86)/atmel/studio/7.0/toolchain/arm/arm-gnu-toolchain/bin/../lib/gcc/arm-none-eabi/6.3.1/../../../../arm-none-eabi/lib/thumb/v6-m\libc_nano.a(lib_a-nano-freer.o)
                0x000017c4                _free_r
 .text._realloc_r
                0x00001858       0x4c c:/program files (x86)/atmel/studio/7.0/toolchain/arm/arm-gnu-toolchain/bin/../lib/gcc/arm-none-eabi/6.3.1/../../../../arm-none-eabi/lib/thumb/v6-m\libc_nano.a(lib_a-nano-reallocr.o)
                0x00001858                _realloc_r
 .text._malloc_usable_size_r
                0x000018a4       0x10 c:/program files (x86)/atmel/studio/7.0/toolchain/arm/arm-gnu-toolchain/bin/../lib/gcc/arm-none-eabi/6.3.1/../../../../arm-none-eabi/lib/thumb/v6-m\libc_nano.a(lib_a-nano-msizer.o)
                0x000018a4                _malloc_usable_size_r
 *(.glue_7t)
 .glue_7t       0x000018b4        0x0 linker stubs
 *(.glue_7)
 .glue_7        0x000018b4        0x0 linker stubs
 *(.rodata .rodata* .gnu.linkonce.r.*)
 .rodata.str1.4
                0x000018b4       0x1c hal/src/hal_spi_m_sync.o
 .rodata.str1.4
                0x000018d0       0x1c hal/src/hal_usart_sync.o
 .rodata.str1.4
                0x000018ec       0x1b hpl/sercom/hpl_sercom.o
 *fill*         0x00001907        0x1 
 .rodata.str1.4
                0x00001908       0x28 main.o
                                 0x25 (size before relaxing)
 .rodata.__sf_fake_stderr
                0x00001930       0x20 c:/program files (x86)/atmel/studio/7.0/toolchain/arm/arm-gnu-toolchain/bin/../lib/gcc/arm-none-eabi/6.3.1/../../../../arm-none-eabi/lib/thumb/v6-m\libc_nano.a(lib_a-findfp.o)
                0x00001930                __sf_fake_stderr
 .rodata.__sf_fake_stdin
                0x00001950       0x20 c:/program files (x86)/atmel/studio/7.0/toolchain/arm/arm-gnu-toolchain/bin/../lib/gcc/arm-none-eabi/6.3.1/../../../../arm-none-eabi/lib/thumb/v6-m\libc_nano.a(lib_a-findfp.o)
                0x00001950                __sf_fake_stdin
 .rodata.__sf_fake_stdout
                0x00001970       0x20 c:/program files (x86)/atmel/studio/7.0/toolchain/arm/arm-gnu-toolchain/bin/../lib/gcc/arm-none-eabi/6.3.1/../../../../arm-none-eabi/lib/thumb/v6-m\libc_nano.a(lib_a-findfp.o)
                0x00001970                __sf_fake_stdout
 .rodata._svfprintf_r.str1.1
                0x00001990       0x11 c:/program files (x86)/atmel/studio/7.0/toolchain/arm/arm-gnu-toolchain/bin/../lib/gcc/arm-none-eabi/6.3.1/../../../../arm-none-eabi/lib/thumb/v6-m\libc_nano.a(lib_a-nano-svfprintf.o)
 .rodata._printf_i.str1.1
                0x000019a1       0x22 c:/program files (x86)/atmel/studio/7.0/toolchain/arm/arm-gnu-toolchain/bin/../lib/gcc/arm-none-eabi/6.3.1/../../../../arm-none-eabi/lib/thumb/v6-m\libc_nano.a(lib_a-nano-vfprintf_i.o)
 *(.ARM.extab* .gnu.linkonce.armextab.*)
                0x000019c4                . = ALIGN (0x4)
 *fill*         0x000019c3        0x1 
 *(.init)
 .init          0x000019c4        0x4 c:/program files (x86)/atmel/studio/7.0/toolchain/arm/arm-gnu-toolchain/bin/../lib/gcc/arm-none-eabi/6.3.1/thumb/v6-m/crti.o
                0x000019c4                _init
 .init          0x000019c8        0x8 c:/program files (x86)/atmel/studio/7.0/toolchain/arm/arm-gnu-toolchain/bin/../lib/gcc/arm-none-eabi/6.3.1/thumb/v6-m/crtn.o
                0x000019d0                . = ALIGN (0x4)
                0x000019d0                __preinit_array_start = .
 *(.preinit_array)
                0x000019d0                __preinit_array_end = .
                0x000019d0                . = ALIGN (0x4)
                0x000019d0                __init_array_start = .
 *(SORT(.init_array.*))
 *(.init_array)
 .init_array    0x000019d0        0x4 c:/program files (x86)/atmel/studio/7.0/toolchain/arm/arm-gnu-toolchain/bin/../lib/gcc/arm-none-eabi/6.3.1/thumb/v6-m/crtbegin.o
                0x000019d4                __init_array_end = .
                0x000019d4                . = ALIGN (0x4)
 *crtbegin.o(.ctors)
 *(EXCLUDE_FILE(*crtend.o) .ctors)
 *(SORT(.ctors.*))
 *crtend.o(.ctors)
                0x000019d4                . = ALIGN (0x4)
 *(.fini)
 .fini          0x000019d4        0x4 c:/program files (x86)/atmel/studio/7.0/toolchain/arm/arm-gnu-toolchain/bin/../lib/gcc/arm-none-eabi/6.3.1/thumb/v6-m/crti.o
                0x000019d4                _fini
 .fini          0x000019d8        0x8 c:/program files (x86)/atmel/studio/7.0/toolchain/arm/arm-gnu-toolchain/bin/../lib/gcc/arm-none-eabi/6.3.1/thumb/v6-m/crtn.o
                0x000019e0                . = ALIGN (0x4)
                0x000019e0                __fini_array_start = .
 *(.fini_array)
 .fini_array    0x000019e0        0x4 c:/program files (x86)/atmel/studio/7.0/toolchain/arm/arm-gnu-toolchain/bin/../lib/gcc/arm-none-eabi/6.3.1/thumb/v6-m/crtbegin.o
 *(SORT(.fini_array.*))
                0x000019e4                __fini_array_end = .
 *crtbegin.o(.dtors)
 *(EXCLUDE_FILE(*crtend.o) .dtors)
 *(SORT(.dtors.*))
 *crtend.o(.dtors)
                0x000019e4                . = ALIGN (0x4)
                0x000019e4                _efixed = .
                [!provide]                PROVIDE (__exidx_start, .)

.vfp11_veneer   0x000019e4        0x0
 .vfp11_veneer  0x000019e4        0x0 linker stubs

.v4_bx          0x000019e4        0x0
 .v4_bx         0x000019e4        0x0 linker stubs

.iplt           0x000019e4        0x0
 .iplt          0x000019e4        0x0 c:/program files (x86)/atmel/studio/7.0/toolchain/arm/arm-gnu-toolchain/bin/../lib/gcc/arm-none-eabi/6.3.1/thumb/v6-m/crtbegin.o

.eh_frame       0x000019e4        0x0
 .eh_frame      0x000019e4        0x0 c:/program files (x86)/atmel/studio/7.0/toolchain/arm/arm-gnu-toolchain/bin/../lib/gcc/arm-none-eabi/6.3.1/thumb/v6-m/crtbegin.o

.rel.dyn        0x000019e4        0x0
 .rel.iplt      0x000019e4        0x0 c:/program files (x86)/atmel/studio/7.0/toolchain/arm/arm-gnu-toolchain/bin/../lib/gcc/arm-none-eabi/6.3.1/thumb/v6-m/crtbegin.o

.jcr            0x000019e4        0x0
 .jcr           0x000019e4        0x0 c:/program files (x86)/atmel/studio/7.0/toolchain/arm/arm-gnu-toolchain/bin/../lib/gcc/arm-none-eabi/6.3.1/thumb/v6-m/crtbegin.o

.igot.plt       0x000019e4        0x0
 .igot.plt      0x000019e4        0x0 c:/program files (x86)/atmel/studio/7.0/toolchain/arm/arm-gnu-toolchain/bin/../lib/gcc/arm-none-eabi/6.3.1/thumb/v6-m/crtbegin.o

.ARM.exidx
 *(.ARM.exidx* .gnu.linkonce.armexidx.*)
                [!provide]                PROVIDE (__exidx_end, .)
                0x000019e4                . = ALIGN (0x4)
                0x000019e4                _etext = .

.relocate       0x20000000       0x70 load address 0x000019e4
                0x20000000                . = ALIGN (0x4)
                0x20000000                _srelocate = .
 *(.ramfunc .ramfunc.*)
 *(.data .data.*)
 .data          0x20000000        0xc main.o
                0x20000000                P1
                0x20000004                P2
                0x20000008                LED
 .data._impure_ptr
                0x2000000c        0x4 c:/program files (x86)/atmel/studio/7.0/toolchain/arm/arm-gnu-toolchain/bin/../lib/gcc/arm-none-eabi/6.3.1/../../../../arm-none-eabi/lib/thumb/v6-m\libc_nano.a(lib_a-impure.o)
                0x2000000c                _impure_ptr
 .data.impure_data
                0x20000010       0x60 c:/program files (x86)/atmel/studio/7.0/toolchain/arm/arm-gnu-toolchain/bin/../lib/gcc/arm-none-eabi/6.3.1/../../../../arm-none-eabi/lib/thumb/v6-m\libc_nano.a(lib_a-impure.o)
                0x20000070                . = ALIGN (0x4)
                0x20000070                _erelocate = .

.bss            0x20000070       0xd0 load address 0x00001a54
                0x20000070                . = ALIGN (0x4)
                0x20000070                _sbss = .
                0x20000070                _szero = .
 *(.bss .bss.*)
 .bss           0x20000070       0x1c c:/program files (x86)/atmel/studio/7.0/toolchain/arm/arm-gnu-toolchain/bin/../lib/gcc/arm-none-eabi/6.3.1/thumb/v6-m/crtbegin.o
 .bss           0x2000008c        0x4 hal/utils/src/utils_syscalls.o
 .bss           0x20000090       0x18 main.o
                0x20000090                newData
                0x20000094                buffer_index
                0x20000098                Q1
                0x2000009c                Q2
                0x200000a0                webusb
                0x200000a4                ledTimeout
 .bss.__malloc_free_list
                0x200000a8        0x4 c:/program files (x86)/atmel/studio/7.0/toolchain/arm/arm-gnu-toolchain/bin/../lib/gcc/arm-none-eabi/6.3.1/../../../../arm-none-eabi/lib/thumb/v6-m\libc_nano.a(lib_a-nano-mallocr.o)
                0x200000a8                __malloc_free_list
 .bss.__malloc_sbrk_start
                0x200000ac        0x4 c:/program files (x86)/atmel/studio/7.0/toolchain/arm/arm-gnu-toolchain/bin/../lib/gcc/arm-none-eabi/6.3.1/../../../../arm-none-eabi/lib/thumb/v6-m\libc_nano.a(lib_a-nano-mallocr.o)
                0x200000ac                __malloc_sbrk_start
 *(COMMON)
 COMMON         0x200000b0       0x20 driver_init.o
                0x200000b0                SPI_0
                0x200000c4                USART_0
 COMMON         0x200000d0       0x6c main.o
                0x200000d0                alarmStatus
                0x200000d4                val
                0x200000d8                Buffer
                0x20000118                ledStatus
                0x2000011c                cmd
 COMMON         0x2000013c        0x4 c:/program files (x86)/atmel/studio/7.0/toolchain/arm/arm-gnu-toolchain/bin/../lib/gcc/arm-none-eabi/6.3.1/../../../../arm-none-eabi/lib/thumb/v6-m\libc_nano.a(lib_a-reent.o)
                0x2000013c                errno
                0x20000140                . = ALIGN (0x4)
                0x20000140                _ebss = .
                0x20000140                _ezero = .

.stack          0x20000140     0x2000 load address 0x00001b24
                0x20000140                . = ALIGN (0x8)
                0x20000140                _sstack = .
                0x20002140                . = (. + STACK_SIZE)
 *fill*         0x20000140     0x2000 
                0x20002140                . = ALIGN (0x8)
                0x20002140                _estack = .
                0x20002140                . = ALIGN (0x4)
                0x20002140                _end = .
OUTPUT(TCLAB.elf elf32-littlearm)

.ARM.attributes
                0x00000000       0x28
 .ARM.attributes
                0x00000000       0x1e c:/program files (x86)/atmel/studio/7.0/toolchain/arm/arm-gnu-toolchain/bin/../lib/gcc/arm-none-eabi/6.3.1/thumb/v6-m/crti.o
 .ARM.attributes
                0x0000001e       0x2c c:/program files (x86)/atmel/studio/7.0/toolchain/arm/arm-gnu-toolchain/bin/../lib/gcc/arm-none-eabi/6.3.1/thumb/v6-m/crtbegin.o
 .ARM.attributes
                0x0000004a       0x32 atmel_start.o
 .ARM.attributes
                0x0000007c       0x32 Device_Startup/startup_samd21.o
 .ARM.attributes
                0x000000ae       0x32 driver_init.o
 .ARM.attributes
                0x000000e0       0x32 hal/src/hal_spi_m_sync.o
 .ARM.attributes
                0x00000112       0x32 hal/src/hal_usart_sync.o
 .ARM.attributes
                0x00000144       0x32 hal/utils/src/utils_assert.o
 .ARM.attributes
                0x00000176       0x32 hal/utils/src/utils_syscalls.o
 .ARM.attributes
                0x000001a8       0x32 hpl/core/hpl_init.o
 .ARM.attributes
                0x000001da       0x32 hpl/gclk/hpl_gclk.o
 .ARM.attributes
                0x0000020c       0x32 hpl/pm/hpl_pm.o
 .ARM.attributes
                0x0000023e       0x32 hpl/sercom/hpl_sercom.o
 .ARM.attributes
                0x00000270       0x32 hpl/sysctrl/hpl_sysctrl.o
 .ARM.attributes
                0x000002a2       0x32 main.o
 .ARM.attributes
                0x000002d4       0x1e c:/program files (x86)/atmel/studio/7.0/toolchain/arm/arm-gnu-toolchain/bin/../lib/gcc/arm-none-eabi/6.3.1/thumb/v6-m\libgcc.a(_udivsi3.o)
 .ARM.attributes
                0x000002f2       0x1e c:/program files (x86)/atmel/studio/7.0/toolchain/arm/arm-gnu-toolchain/bin/../lib/gcc/arm-none-eabi/6.3.1/thumb/v6-m\libgcc.a(_dvmd_tls.o)
 .ARM.attributes
                0x00000310       0x1e c:/program files (x86)/atmel/studio/7.0/toolchain/arm/arm-gnu-toolchain/bin/../lib/gcc/arm-none-eabi/6.3.1/thumb/v6-m\libgcc.a(_arm_cmpsf2.o)
 .ARM.attributes
                0x0000032e       0x2c c:/program files (x86)/atmel/studio/7.0/toolchain/arm/arm-gnu-toolchain/bin/../lib/gcc/arm-none-eabi/6.3.1/thumb/v6-m\libgcc.a(eqsf2.o)
 .ARM.attributes
                0x0000035a       0x2c c:/program files (x86)/atmel/studio/7.0/toolchain/arm/arm-gnu-toolchain/bin/../lib/gcc/arm-none-eabi/6.3.1/thumb/v6-m\libgcc.a(gesf2.o)
 .ARM.attributes
                0x00000386       0x2c c:/program files (x86)/atmel/studio/7.0/toolchain/arm/arm-gnu-toolchain/bin/../lib/gcc/arm-none-eabi/6.3.1/thumb/v6-m\libgcc.a(lesf2.o)
 .ARM.attributes
                0x000003b2       0x2c c:/program files (x86)/atmel/studio/7.0/toolchain/arm/arm-gnu-toolchain/bin/../lib/gcc/arm-none-eabi/6.3.1/thumb/v6-m\libgcc.a(extendsfdf2.o)
 .ARM.attributes
                0x000003de       0x1e c:/program files (x86)/atmel/studio/7.0/toolchain/arm/arm-gnu-toolchain/bin/../lib/gcc/arm-none-eabi/6.3.1/thumb/v6-m\libgcc.a(_clzsi2.o)
 .ARM.attributes
                0x000003fc       0x2c c:/program files (x86)/atmel/studio/7.0/toolchain/arm/arm-gnu-toolchain/bin/../lib/gcc/arm-none-eabi/6.3.1/../../../../arm-none-eabi/lib/thumb/v6-m\libc_nano.a(lib_a-impure.o)
 .ARM.attributes
                0x00000428       0x2c c:/program files (x86)/atmel/studio/7.0/toolchain/arm/arm-gnu-toolchain/bin/../lib/gcc/arm-none-eabi/6.3.1/../../../../arm-none-eabi/lib/thumb/v6-m\libc_nano.a(lib_a-init.o)
 .ARM.attributes
                0x00000454       0x2c c:/program files (x86)/atmel/studio/7.0/toolchain/arm/arm-gnu-toolchain/bin/../lib/gcc/arm-none-eabi/6.3.1/../../../../arm-none-eabi/lib/thumb/v6-m\libc_nano.a(lib_a-memset.o)
 .ARM.attributes
                0x00000480       0x2c c:/program files (x86)/atmel/studio/7.0/toolchain/arm/arm-gnu-toolchain/bin/../lib/gcc/arm-none-eabi/6.3.1/../../../../arm-none-eabi/lib/thumb/v6-m\libc_nano.a(lib_a-sprintf.o)
 .ARM.attributes
                0x000004ac       0x1c c:/program files (x86)/atmel/studio/7.0/toolchain/arm/arm-gnu-toolchain/bin/../lib/gcc/arm-none-eabi/6.3.1/../../../../arm-none-eabi/lib/thumb/v6-m\libc_nano.a(lib_a-strcmp.o)
 .ARM.attributes
                0x000004c8       0x2c c:/program files (x86)/atmel/studio/7.0/toolchain/arm/arm-gnu-toolchain/bin/../lib/gcc/arm-none-eabi/6.3.1/../../../../arm-none-eabi/lib/thumb/v6-m\libc_nano.a(lib_a-strcpy.o)
 .ARM.attributes
                0x000004f4       0x2c c:/program files (x86)/atmel/studio/7.0/toolchain/arm/arm-gnu-toolchain/bin/../lib/gcc/arm-none-eabi/6.3.1/../../../../arm-none-eabi/lib/thumb/v6-m\libc_nano.a(lib_a-findfp.o)
 .ARM.attributes
                0x00000520       0x2c c:/program files (x86)/atmel/studio/7.0/toolchain/arm/arm-gnu-toolchain/bin/../lib/gcc/arm-none-eabi/6.3.1/../../../../arm-none-eabi/lib/thumb/v6-m\libc_nano.a(lib_a-nano-mallocr.o)
 .ARM.attributes
                0x0000054c       0x2c c:/program files (x86)/atmel/studio/7.0/toolchain/arm/arm-gnu-toolchain/bin/../lib/gcc/arm-none-eabi/6.3.1/../../../../arm-none-eabi/lib/thumb/v6-m\libc_nano.a(lib_a-nano-svfprintf.o)
 .ARM.attributes
                0x00000578       0x2c c:/program files (x86)/atmel/studio/7.0/toolchain/arm/arm-gnu-toolchain/bin/../lib/gcc/arm-none-eabi/6.3.1/../../../../arm-none-eabi/lib/thumb/v6-m\libc_nano.a(lib_a-nano-vfprintf_i.o)
 .ARM.attributes
                0x000005a4       0x2c c:/program files (x86)/atmel/studio/7.0/toolchain/arm/arm-gnu-toolchain/bin/../lib/gcc/arm-none-eabi/6.3.1/../../../../arm-none-eabi/lib/thumb/v6-m\libc_nano.a(lib_a-sbrkr.o)
 .ARM.attributes
                0x000005d0       0x2c c:/program files (x86)/atmel/studio/7.0/toolchain/arm/arm-gnu-toolchain/bin/../lib/gcc/arm-none-eabi/6.3.1/../../../../arm-none-eabi/lib/thumb/v6-m\libc_nano.a(lib_a-memchr-stub.o)
 .ARM.attributes
                0x000005fc       0x2c c:/program files (x86)/atmel/studio/7.0/toolchain/arm/arm-gnu-toolchain/bin/../lib/gcc/arm-none-eabi/6.3.1/../../../../arm-none-eabi/lib/thumb/v6-m\libc_nano.a(lib_a-memcpy-stub.o)
 .ARM.attributes
                0x00000628       0x2c c:/program files (x86)/atmel/studio/7.0/toolchain/arm/arm-gnu-toolchain/bin/../lib/gcc/arm-none-eabi/6.3.1/../../../../arm-none-eabi/lib/thumb/v6-m\libc_nano.a(lib_a-memmove.o)
 .ARM.attributes
                0x00000654       0x2c c:/program files (x86)/atmel/studio/7.0/toolchain/arm/arm-gnu-toolchain/bin/../lib/gcc/arm-none-eabi/6.3.1/../../../../arm-none-eabi/lib/thumb/v6-m\libc_nano.a(lib_a-mlock.o)
 .ARM.attributes
                0x00000680       0x2c c:/program files (x86)/atmel/studio/7.0/toolchain/arm/arm-gnu-toolchain/bin/../lib/gcc/arm-none-eabi/6.3.1/../../../../arm-none-eabi/lib/thumb/v6-m\libc_nano.a(lib_a-nano-freer.o)
 .ARM.attributes
                0x000006ac       0x2c c:/program files (x86)/atmel/studio/7.0/toolchain/arm/arm-gnu-toolchain/bin/../lib/gcc/arm-none-eabi/6.3.1/../../../../arm-none-eabi/lib/thumb/v6-m\libc_nano.a(lib_a-nano-reallocr.o)
 .ARM.attributes
                0x000006d8       0x2c c:/program files (x86)/atmel/studio/7.0/toolchain/arm/arm-gnu-toolchain/bin/../lib/gcc/arm-none-eabi/6.3.1/../../../../arm-none-eabi/lib/thumb/v6-m\libc_nano.a(lib_a-reent.o)
 .ARM.attributes
                0x00000704       0x2c c:/program files (x86)/atmel/studio/7.0/toolchain/arm/arm-gnu-toolchain/bin/../lib/gcc/arm-none-eabi/6.3.1/../../../../arm-none-eabi/lib/thumb/v6-m\libc_nano.a(lib_a-nano-msizer.o)
 .ARM.attributes
                0x00000730       0x1e c:/program files (x86)/atmel/studio/7.0/toolchain/arm/arm-gnu-toolchain/bin/../lib/gcc/arm-none-eabi/6.3.1/thumb/v6-m/crtn.o

.comment        0x00000000       0x59
 .comment       0x00000000       0x59 atmel_start.o
                                 0x5a (size before relaxing)
 .comment       0x00000059       0x5a Device_Startup/startup_samd21.o
 .comment       0x00000059       0x5a driver_init.o
 .comment       0x00000059       0x5a hal/src/hal_spi_m_sync.o
 .comment       0x00000059       0x5a hal/src/hal_usart_sync.o
 .comment       0x00000059       0x5a hal/utils/src/utils_assert.o
 .comment       0x00000059       0x5a hal/utils/src/utils_syscalls.o
 .comment       0x00000059       0x5a hpl/core/hpl_init.o
 .comment       0x00000059       0x5a hpl/gclk/hpl_gclk.o
 .comment       0x00000059       0x5a hpl/pm/hpl_pm.o
 .comment       0x00000059       0x5a hpl/sercom/hpl_sercom.o
 .comment       0x00000059       0x5a hpl/sysctrl/hpl_sysctrl.o
 .comment       0x00000059       0x5a main.o

.debug_info     0x00000000    0x1d21d
 .debug_info    0x00000000      0x286 atmel_start.o
 .debug_info    0x00000286     0x3a28 Device_Startup/startup_samd21.o
 .debug_info    0x00003cae     0x7f1e driver_init.o
 .debug_info    0x0000bbcc      0x955 hal/src/hal_spi_m_sync.o
 .debug_info    0x0000c521      0xc56 hal/src/hal_usart_sync.o
 .debug_info    0x0000d177      0x107 hal/utils/src/utils_assert.o
 .debug_info    0x0000d27e      0xdca hal/utils/src/utils_syscalls.o
 .debug_info    0x0000e048      0x677 hpl/core/hpl_init.o
 .debug_info    0x0000e6bf      0x4e1 hpl/gclk/hpl_gclk.o
 .debug_info    0x0000eba0      0xc6d hpl/pm/hpl_pm.o
 .debug_info    0x0000f80d     0xb324 hpl/sercom/hpl_sercom.o
 .debug_info    0x0001ab31     0x13f7 hpl/sysctrl/hpl_sysctrl.o
 .debug_info    0x0001bf28     0x12f5 main.o

.debug_abbrev   0x00000000     0x1dc0
 .debug_abbrev  0x00000000       0xda atmel_start.o
 .debug_abbrev  0x000000da      0x234 Device_Startup/startup_samd21.o
 .debug_abbrev  0x0000030e      0x367 driver_init.o
 .debug_abbrev  0x00000675      0x1a8 hal/src/hal_spi_m_sync.o
 .debug_abbrev  0x0000081d      0x217 hal/src/hal_usart_sync.o
 .debug_abbrev  0x00000a34       0x86 hal/utils/src/utils_assert.o
 .debug_abbrev  0x00000aba      0x269 hal/utils/src/utils_syscalls.o
 .debug_abbrev  0x00000d23      0x1cc hpl/core/hpl_init.o
 .debug_abbrev  0x00000eef      0x1c3 hpl/gclk/hpl_gclk.o
 .debug_abbrev  0x000010b2      0x211 hpl/pm/hpl_pm.o
 .debug_abbrev  0x000012c3      0x58f hpl/sercom/hpl_sercom.o
 .debug_abbrev  0x00001852      0x224 hpl/sysctrl/hpl_sysctrl.o
 .debug_abbrev  0x00001a76      0x34a main.o

.debug_loc      0x00000000     0x9e86
 .debug_loc     0x00000000       0x20 atmel_start.o
 .debug_loc     0x00000020       0x40 Device_Startup/startup_samd21.o
 .debug_loc     0x00000060      0x871 driver_init.o
 .debug_loc     0x000008d1      0x689 hal/src/hal_spi_m_sync.o
 .debug_loc     0x00000f5a      0x9b2 hal/src/hal_usart_sync.o
 .debug_loc     0x0000190c      0x13b hal/utils/src/utils_syscalls.o
 .debug_loc     0x00001a47       0x4c hpl/core/hpl_init.o
 .debug_loc     0x00001a93       0xa3 hpl/gclk/hpl_gclk.o
 .debug_loc     0x00001b36      0x11b hpl/pm/hpl_pm.o
 .debug_loc     0x00001c51     0x7ea3 hpl/sercom/hpl_sercom.o
 .debug_loc     0x00009af4      0x121 hpl/sysctrl/hpl_sysctrl.o
 .debug_loc     0x00009c15      0x271 main.o

.debug_aranges  0x00000000      0x838
 .debug_aranges
                0x00000000       0x20 atmel_start.o
 .debug_aranges
                0x00000020       0x28 Device_Startup/startup_samd21.o
 .debug_aranges
                0x00000048       0x50 driver_init.o
 .debug_aranges
                0x00000098       0x80 hal/src/hal_spi_m_sync.o
 .debug_aranges
                0x00000118       0xa8 hal/src/hal_usart_sync.o
 .debug_aranges
                0x000001c0       0x20 hal/utils/src/utils_assert.o
 .debug_aranges
                0x000001e0       0x60 hal/utils/src/utils_syscalls.o
 .debug_aranges
                0x00000240       0x20 hpl/core/hpl_init.o
 .debug_aranges
                0x00000260       0x28 hpl/gclk/hpl_gclk.o
 .debug_aranges
                0x00000288       0x30 hpl/pm/hpl_pm.o
 .debug_aranges
                0x000002b8      0x4c8 hpl/sercom/hpl_sercom.o
 .debug_aranges
                0x00000780       0x28 hpl/sysctrl/hpl_sysctrl.o
 .debug_aranges
                0x000007a8       0x90 main.o

.debug_ranges   0x00000000      0xc48
 .debug_ranges  0x00000000       0x10 atmel_start.o
 .debug_ranges  0x00000010       0x18 Device_Startup/startup_samd21.o
 .debug_ranges  0x00000028       0x40 driver_init.o
 .debug_ranges  0x00000068       0x70 hal/src/hal_spi_m_sync.o
 .debug_ranges  0x000000d8       0x98 hal/src/hal_usart_sync.o
 .debug_ranges  0x00000170       0x10 hal/utils/src/utils_assert.o
 .debug_ranges  0x00000180       0x50 hal/utils/src/utils_syscalls.o
 .debug_ranges  0x000001d0       0x10 hpl/core/hpl_init.o
 .debug_ranges  0x000001e0       0x18 hpl/gclk/hpl_gclk.o
 .debug_ranges  0x000001f8       0x20 hpl/pm/hpl_pm.o
 .debug_ranges  0x00000218      0x968 hpl/sercom/hpl_sercom.o
 .debug_ranges  0x00000b80       0x30 hpl/sysctrl/hpl_sysctrl.o
 .debug_ranges  0x00000bb0       0x98 main.o

.debug_macro    0x00000000    0x17a52
 .debug_macro   0x00000000      0x528 atmel_start.o
 .debug_macro   0x00000528      0x89e atmel_start.o
 .debug_macro   0x00000dc6      0x16d atmel_start.o
 .debug_macro   0x00000f33       0x22 atmel_start.o
 .debug_macro   0x00000f55       0x87 atmel_start.o
 .debug_macro   0x00000fdc       0x51 atmel_start.o
 .debug_macro   0x0000102d       0xef atmel_start.o
 .debug_macro   0x0000111c       0x6a atmel_start.o
 .debug_macro   0x00001186      0x1df atmel_start.o
 .debug_macro   0x00001365       0x22 atmel_start.o
 .debug_macro   0x00001387       0x3f atmel_start.o
 .debug_macro   0x000013c6       0x28 atmel_start.o
 .debug_macro   0x000013ee       0x85 atmel_start.o
 .debug_macro   0x00001473      0x375 atmel_start.o
 .debug_macro   0x000017e8      0x67e atmel_start.o
 .debug_macro   0x00001e66      0x8b1 atmel_start.o
 .debug_macro   0x00002717      0x22e atmel_start.o
 .debug_macro   0x00002945      0xd5c atmel_start.o
 .debug_macro   0x000036a1      0x4dc atmel_start.o
 .debug_macro   0x00003b7d      0x9f6 atmel_start.o
 .debug_macro   0x00004573      0x82b atmel_start.o
 .debug_macro   0x00004d9e      0x45f atmel_start.o
 .debug_macro   0x000051fd       0x5e atmel_start.o
 .debug_macro   0x0000525b      0x8f9 atmel_start.o
 .debug_macro   0x00005b54      0x21c atmel_start.o
 .debug_macro   0x00005d70      0x735 atmel_start.o
 .debug_macro   0x000064a5       0x5e atmel_start.o
 .debug_macro   0x00006503      0x632 atmel_start.o
 .debug_macro   0x00006b35      0x3ac atmel_start.o
 .debug_macro   0x00006ee1      0xc76 atmel_start.o
 .debug_macro   0x00007b57     0x1092 atmel_start.o
 .debug_macro   0x00008be9      0xc4a atmel_start.o
 .debug_macro   0x00009833      0x6ba atmel_start.o
 .debug_macro   0x00009eed     0x1b3d atmel_start.o
 .debug_macro   0x0000ba2a     0x143c atmel_start.o
 .debug_macro   0x0000ce66      0x340 atmel_start.o
 .debug_macro   0x0000d1a6       0x7c atmel_start.o
 .debug_macro   0x0000d222       0xa0 atmel_start.o
 .debug_macro   0x0000d2c2       0x4c atmel_start.o
 .debug_macro   0x0000d30e       0xca atmel_start.o
 .debug_macro   0x0000d3d8       0x94 atmel_start.o
 .debug_macro   0x0000d46c       0x58 atmel_start.o
 .debug_macro   0x0000d4c4      0x341 atmel_start.o
 .debug_macro   0x0000d805       0x82 atmel_start.o
 .debug_macro   0x0000d887      0x189 atmel_start.o
 .debug_macro   0x0000da10       0xb8 atmel_start.o
 .debug_macro   0x0000dac8       0xa0 atmel_start.o
 .debug_macro   0x0000db68       0xb2 atmel_start.o
 .debug_macro   0x0000dc1a       0x1c atmel_start.o
 .debug_macro   0x0000dc36       0x1c atmel_start.o
 .debug_macro   0x0000dc52       0x1c atmel_start.o
 .debug_macro   0x0000dc6e       0x7c atmel_start.o
 .debug_macro   0x0000dcea      0x15a atmel_start.o
 .debug_macro   0x0000de44       0x10 atmel_start.o
 .debug_macro   0x0000de54       0xdc atmel_start.o
 .debug_macro   0x0000df30      0x124 atmel_start.o
 .debug_macro   0x0000e054      0x124 atmel_start.o
 .debug_macro   0x0000e178      0x124 atmel_start.o
 .debug_macro   0x0000e29c      0x124 atmel_start.o
 .debug_macro   0x0000e3c0      0x124 atmel_start.o
 .debug_macro   0x0000e4e4      0x124 atmel_start.o
 .debug_macro   0x0000e608      0x124 atmel_start.o
 .debug_macro   0x0000e72c       0xe2 atmel_start.o
 .debug_macro   0x0000e80e       0xe2 atmel_start.o
 .debug_macro   0x0000e8f0       0xe2 atmel_start.o
 .debug_macro   0x0000e9d2       0xe2 atmel_start.o
 .debug_macro   0x0000eab4       0xe2 atmel_start.o
 .debug_macro   0x0000eb96      0x12a atmel_start.o
 .debug_macro   0x0000ecc0      0x100 atmel_start.o
 .debug_macro   0x0000edc0       0xf4 atmel_start.o
 .debug_macro   0x0000eeb4      0x40f atmel_start.o
 .debug_macro   0x0000f2c3       0x40 atmel_start.o
 .debug_macro   0x0000f303      0x392 atmel_start.o
 .debug_macro   0x0000f695     0x1fb0 atmel_start.o
 .debug_macro   0x00011645       0x6d atmel_start.o
 .debug_macro   0x000116b2       0x10 atmel_start.o
 .debug_macro   0x000116c2       0x10 atmel_start.o
 .debug_macro   0x000116d2       0x16 atmel_start.o
 .debug_macro   0x000116e8       0x16 atmel_start.o
 .debug_macro   0x000116fe       0x16 atmel_start.o
 .debug_macro   0x00011714       0x16 atmel_start.o
 .debug_macro   0x0001172a       0x16 atmel_start.o
 .debug_macro   0x00011740       0x16 atmel_start.o
 .debug_macro   0x00011756       0x16 atmel_start.o
 .debug_macro   0x0001176c       0x16 atmel_start.o
 .debug_macro   0x00011782       0x16 atmel_start.o
 .debug_macro   0x00011798       0x16 atmel_start.o
 .debug_macro   0x000117ae       0x16 atmel_start.o
 .debug_macro   0x000117c4       0x16 atmel_start.o
 .debug_macro   0x000117da       0x16 atmel_start.o
 .debug_macro   0x000117f0       0x16 atmel_start.o
 .debug_macro   0x00011806      0x4c3 atmel_start.o
 .debug_macro   0x00011cc9       0x94 atmel_start.o
 .debug_macro   0x00011d5d       0x16 atmel_start.o
 .debug_macro   0x00011d73       0x6a atmel_start.o
 .debug_macro   0x00011ddd      0x28c atmel_start.o
 .debug_macro   0x00012069      0x4d8 atmel_start.o
 .debug_macro   0x00012541       0x16 atmel_start.o
 .debug_macro   0x00012557       0xca atmel_start.o
 .debug_macro   0x00012621       0x1c atmel_start.o
 .debug_macro   0x0001263d       0x16 atmel_start.o
 .debug_macro   0x00012653       0x52 atmel_start.o
 .debug_macro   0x000126a5       0xc9 atmel_start.o
 .debug_macro   0x0001276e      0x301 Device_Startup/startup_samd21.o
 .debug_macro   0x00012a6f       0x39 Device_Startup/startup_samd21.o
 .debug_macro   0x00012aa8      0x53d driver_init.o
 .debug_macro   0x00012fe5       0x42 driver_init.o
 .debug_macro   0x00013027      0x485 hal/src/hal_spi_m_sync.o
 .debug_macro   0x000134ac      0x469 hal/src/hal_usart_sync.o
 .debug_macro   0x00013915      0x438 hal/utils/src/utils_assert.o
 .debug_macro   0x00013d4d       0x10 hal/utils/src/utils_assert.o
 .debug_macro   0x00013d5d      0x1d6 hal/utils/src/utils_syscalls.o
 .debug_macro   0x00013f33       0x52 hal/utils/src/utils_syscalls.o
 .debug_macro   0x00013f85       0x8d hal/utils/src/utils_syscalls.o
 .debug_macro   0x00014012       0x16 hal/utils/src/utils_syscalls.o
 .debug_macro   0x00014028       0x57 hal/utils/src/utils_syscalls.o
 .debug_macro   0x0001407f       0x97 hal/utils/src/utils_syscalls.o
 .debug_macro   0x00014116       0xf6 hal/utils/src/utils_syscalls.o
 .debug_macro   0x0001420c       0x10 hal/utils/src/utils_syscalls.o
 .debug_macro   0x0001421c       0x10 hal/utils/src/utils_syscalls.o
 .debug_macro   0x0001422c       0x1c hal/utils/src/utils_syscalls.o
 .debug_macro   0x00014248       0x52 hal/utils/src/utils_syscalls.o
 .debug_macro   0x0001429a       0x40 hal/utils/src/utils_syscalls.o
 .debug_macro   0x000142da       0x10 hal/utils/src/utils_syscalls.o
 .debug_macro   0x000142ea       0x40 hal/utils/src/utils_syscalls.o
 .debug_macro   0x0001432a       0xd7 hal/utils/src/utils_syscalls.o
 .debug_macro   0x00014401       0x16 hal/utils/src/utils_syscalls.o
 .debug_macro   0x00014417      0x18b hal/utils/src/utils_syscalls.o
 .debug_macro   0x000145a2       0x4c hal/utils/src/utils_syscalls.o
 .debug_macro   0x000145ee       0x16 hal/utils/src/utils_syscalls.o
 .debug_macro   0x00014604       0x10 hal/utils/src/utils_syscalls.o
 .debug_macro   0x00014614       0x10 hal/utils/src/utils_syscalls.o
 .debug_macro   0x00014624       0x35 hal/utils/src/utils_syscalls.o
 .debug_macro   0x00014659      0x122 hal/utils/src/utils_syscalls.o
 .debug_macro   0x0001477b      0x4a9 hpl/core/hpl_init.o
 .debug_macro   0x00014c24       0x2e hpl/core/hpl_init.o
 .debug_macro   0x00014c52      0x6ec hpl/core/hpl_init.o
 .debug_macro   0x0001533e      0x44b hpl/gclk/hpl_gclk.o
 .debug_macro   0x00015789      0x1f3 hpl/gclk/hpl_gclk.o
 .debug_macro   0x0001597c      0x46e hpl/pm/hpl_pm.o
 .debug_macro   0x00015dea      0x670 hpl/sercom/hpl_sercom.o
 .debug_macro   0x0001645a       0x70 hpl/sercom/hpl_sercom.o
 .debug_macro   0x000164ca      0x15b hpl/sercom/hpl_sercom.o
 .debug_macro   0x00016625       0x10 hpl/sercom/hpl_sercom.o
 .debug_macro   0x00016635       0x1c hpl/sercom/hpl_sercom.o
 .debug_macro   0x00016651       0x22 hpl/sercom/hpl_sercom.o
 .debug_macro   0x00016673       0x10 hpl/sercom/hpl_sercom.o
 .debug_macro   0x00016683      0x445 hpl/sysctrl/hpl_sysctrl.o
 .debug_macro   0x00016ac8      0x2da hpl/sysctrl/hpl_sysctrl.o
 .debug_macro   0x00016da2      0x6e8 main.o
 .debug_macro   0x0001748a       0x16 main.o
 .debug_macro   0x000174a0       0x46 main.o
 .debug_macro   0x000174e6      0x56c main.o

.debug_line     0x00000000     0x9e04
 .debug_line    0x00000000      0xa9e atmel_start.o
 .debug_line    0x00000a9e      0x6f1 Device_Startup/startup_samd21.o
 .debug_line    0x0000118f      0xbf2 driver_init.o
 .debug_line    0x00001d81      0xad1 hal/src/hal_spi_m_sync.o
 .debug_line    0x00002852      0xb5a hal/src/hal_usart_sync.o
 .debug_line    0x000033ac      0x938 hal/utils/src/utils_assert.o
 .debug_line    0x00003ce4      0x40b hal/utils/src/utils_syscalls.o
 .debug_line    0x000040ef      0xa18 hpl/core/hpl_init.o
 .debug_line    0x00004b07      0x992 hpl/gclk/hpl_gclk.o
 .debug_line    0x00005499      0x9de hpl/pm/hpl_pm.o
 .debug_line    0x00005e77     0x27d1 hpl/sercom/hpl_sercom.o
 .debug_line    0x00008648      0x9cf hpl/sysctrl/hpl_sysctrl.o
 .debug_line    0x00009017      0xded main.o

.debug_str      0x00000000    0x8b373
 .debug_str     0x00000000    0x792bd atmel_start.o
                              0x7973e (size before relaxing)
 .debug_str     0x000792bd     0x10b4 Device_Startup/startup_samd21.o
                              0x71334 (size before relaxing)
 .debug_str     0x0007a371     0x1279 driver_init.o
                              0x7b7d9 (size before relaxing)
 .debug_str     0x0007b5ea      0x2e5 hal/src/hal_spi_m_sync.o
                              0x79753 (size before relaxing)
 .debug_str     0x0007b8cf      0x4b3 hal/src/hal_usart_sync.o
                              0x7993d (size before relaxing)
 .debug_str     0x0007bd82       0x2a hal/utils/src/utils_assert.o
                              0x78e00 (size before relaxing)
 .debug_str     0x0007bdac     0x4512 hal/utils/src/utils_syscalls.o
                               0x72cd (size before relaxing)
 .debug_str     0x000802be     0x17d7 hpl/core/hpl_init.o
                              0x7a9f5 (size before relaxing)
 .debug_str     0x00081a95      0x84a hpl/gclk/hpl_gclk.o
                              0x79718 (size before relaxing)
 .debug_str     0x000822df      0x194 hpl/pm/hpl_pm.o
                              0x79554 (size before relaxing)
 .debug_str     0x00082473     0x497e hpl/sercom/hpl_sercom.o
                              0x7ecb1 (size before relaxing)
 .debug_str     0x00086df1     0x11b6 hpl/sysctrl/hpl_sysctrl.o
                              0x7a0ab (size before relaxing)
 .debug_str     0x00087fa7     0x33cc main.o
                              0x8094d (size before relaxing)

.debug_frame    0x00000000     0x1ad0
 .debug_frame   0x00000000       0x28 atmel_start.o
 .debug_frame   0x00000028       0x40 Device_Startup/startup_samd21.o
 .debug_frame   0x00000068       0xb8 driver_init.o
 .debug_frame   0x00000120      0x16c hal/src/hal_spi_m_sync.o
 .debug_frame   0x0000028c      0x200 hal/src/hal_usart_sync.o
 .debug_frame   0x0000048c       0x20 hal/utils/src/utils_assert.o
 .debug_frame   0x000004ac       0xa8 hal/utils/src/utils_syscalls.o
 .debug_frame   0x00000554       0x28 hpl/core/hpl_init.o
 .debug_frame   0x0000057c       0x30 hpl/gclk/hpl_gclk.o
 .debug_frame   0x000005ac       0x40 hpl/pm/hpl_pm.o
 .debug_frame   0x000005ec      0xddc hpl/sercom/hpl_sercom.o
 .debug_frame   0x000013c8       0x38 hpl/sysctrl/hpl_sysctrl.o
 .debug_frame   0x00001400      0x158 main.o
 .debug_frame   0x00001558       0x20 c:/program files (x86)/atmel/studio/7.0/toolchain/arm/arm-gnu-toolchain/bin/../lib/gcc/arm-none-eabi/6.3.1/thumb/v6-m\libgcc.a(_udivsi3.o)
 .debug_frame   0x00001578       0x2c c:/program files (x86)/atmel/studio/7.0/toolchain/arm/arm-gnu-toolchain/bin/../lib/gcc/arm-none-eabi/6.3.1/thumb/v6-m\libgcc.a(eqsf2.o)
 .debug_frame   0x000015a4       0x30 c:/program files (x86)/atmel/studio/7.0/toolchain/arm/arm-gnu-toolchain/bin/../lib/gcc/arm-none-eabi/6.3.1/thumb/v6-m\libgcc.a(gesf2.o)
 .debug_frame   0x000015d4       0x30 c:/program files (x86)/atmel/studio/7.0/toolchain/arm/arm-gnu-toolchain/bin/../lib/gcc/arm-none-eabi/6.3.1/thumb/v6-m\libgcc.a(lesf2.o)
 .debug_frame   0x00001604       0x2c c:/program files (x86)/atmel/studio/7.0/toolchain/arm/arm-gnu-toolchain/bin/../lib/gcc/arm-none-eabi/6.3.1/thumb/v6-m\libgcc.a(extendsfdf2.o)
 .debug_frame   0x00001630       0x2c c:/program files (x86)/atmel/studio/7.0/toolchain/arm/arm-gnu-toolchain/bin/../lib/gcc/arm-none-eabi/6.3.1/../../../../arm-none-eabi/lib/thumb/v6-m\libc_nano.a(lib_a-init.o)
 .debug_frame   0x0000165c       0x20 c:/program files (x86)/atmel/studio/7.0/toolchain/arm/arm-gnu-toolchain/bin/../lib/gcc/arm-none-eabi/6.3.1/../../../../arm-none-eabi/lib/thumb/v6-m\libc_nano.a(lib_a-memset.o)
 .debug_frame   0x0000167c       0x50 c:/program files (x86)/atmel/studio/7.0/toolchain/arm/arm-gnu-toolchain/bin/../lib/gcc/arm-none-eabi/6.3.1/../../../../arm-none-eabi/lib/thumb/v6-m\libc_nano.a(lib_a-sprintf.o)
 .debug_frame   0x000016cc       0x20 c:/program files (x86)/atmel/studio/7.0/toolchain/arm/arm-gnu-toolchain/bin/../lib/gcc/arm-none-eabi/6.3.1/../../../../arm-none-eabi/lib/thumb/v6-m\libc_nano.a(lib_a-strcmp.o)
 .debug_frame   0x000016ec       0x20 c:/program files (x86)/atmel/studio/7.0/toolchain/arm/arm-gnu-toolchain/bin/../lib/gcc/arm-none-eabi/6.3.1/../../../../arm-none-eabi/lib/thumb/v6-m\libc_nano.a(lib_a-strcpy.o)
 .debug_frame   0x0000170c      0x140 c:/program files (x86)/atmel/studio/7.0/toolchain/arm/arm-gnu-toolchain/bin/../lib/gcc/arm-none-eabi/6.3.1/../../../../arm-none-eabi/lib/thumb/v6-m\libc_nano.a(lib_a-findfp.o)
 .debug_frame   0x0000184c       0x2c c:/program files (x86)/atmel/studio/7.0/toolchain/arm/arm-gnu-toolchain/bin/../lib/gcc/arm-none-eabi/6.3.1/../../../../arm-none-eabi/lib/thumb/v6-m\libc_nano.a(lib_a-nano-mallocr.o)
 .debug_frame   0x00001878       0x74 c:/program files (x86)/atmel/studio/7.0/toolchain/arm/arm-gnu-toolchain/bin/../lib/gcc/arm-none-eabi/6.3.1/../../../../arm-none-eabi/lib/thumb/v6-m\libc_nano.a(lib_a-nano-svfprintf.o)
 .debug_frame   0x000018ec       0x54 c:/program files (x86)/atmel/studio/7.0/toolchain/arm/arm-gnu-toolchain/bin/../lib/gcc/arm-none-eabi/6.3.1/../../../../arm-none-eabi/lib/thumb/v6-m\libc_nano.a(lib_a-nano-vfprintf_i.o)
 .debug_frame   0x00001940       0x2c c:/program files (x86)/atmel/studio/7.0/toolchain/arm/arm-gnu-toolchain/bin/../lib/gcc/arm-none-eabi/6.3.1/../../../../arm-none-eabi/lib/thumb/v6-m\libc_nano.a(lib_a-sbrkr.o)
 .debug_frame   0x0000196c       0x20 c:/program files (x86)/atmel/studio/7.0/toolchain/arm/arm-gnu-toolchain/bin/../lib/gcc/arm-none-eabi/6.3.1/../../../../arm-none-eabi/lib/thumb/v6-m\libc_nano.a(lib_a-memchr-stub.o)
 .debug_frame   0x0000198c       0x28 c:/program files (x86)/atmel/studio/7.0/toolchain/arm/arm-gnu-toolchain/bin/../lib/gcc/arm-none-eabi/6.3.1/../../../../arm-none-eabi/lib/thumb/v6-m\libc_nano.a(lib_a-memcpy-stub.o)
 .debug_frame   0x000019b4       0x28 c:/program files (x86)/atmel/studio/7.0/toolchain/arm/arm-gnu-toolchain/bin/../lib/gcc/arm-none-eabi/6.3.1/../../../../arm-none-eabi/lib/thumb/v6-m\libc_nano.a(lib_a-memmove.o)
 .debug_frame   0x000019dc       0x30 c:/program files (x86)/atmel/studio/7.0/toolchain/arm/arm-gnu-toolchain/bin/../lib/gcc/arm-none-eabi/6.3.1/../../../../arm-none-eabi/lib/thumb/v6-m\libc_nano.a(lib_a-mlock.o)
 .debug_frame   0x00001a0c       0x2c c:/program files (x86)/atmel/studio/7.0/toolchain/arm/arm-gnu-toolchain/bin/../lib/gcc/arm-none-eabi/6.3.1/../../../../arm-none-eabi/lib/thumb/v6-m\libc_nano.a(lib_a-nano-freer.o)
 .debug_frame   0x00001a38       0x30 c:/program files (x86)/atmel/studio/7.0/toolchain/arm/arm-gnu-toolchain/bin/../lib/gcc/arm-none-eabi/6.3.1/../../../../arm-none-eabi/lib/thumb/v6-m\libc_nano.a(lib_a-nano-reallocr.o)
 .debug_frame   0x00001a68       0x48 c:/program files (x86)/atmel/studio/7.0/toolchain/arm/arm-gnu-toolchain/bin/../lib/gcc/arm-none-eabi/6.3.1/../../../../arm-none-eabi/lib/thumb/v6-m\libc_nano.a(lib_a-reent.o)
 .debug_frame   0x00001ab0       0x20 c:/program files (x86)/atmel/studio/7.0/toolchain/arm/arm-gnu-toolchain/bin/../lib/gcc/arm-none-eabi/6.3.1/../../../../arm-none-eabi/lib/thumb/v6-m\libc_nano.a(lib_a-nano-msizer.o)
