Archive member included to satisfy reference by file (symbol)

c:/program files (x86)/atmel/studio/7.0/toolchain/arm/arm-gnu-toolchain/bin/../lib/gcc/arm-none-eabi/6.3.1/thumb/v6-m\libgcc.a(_udivsi3.o)
                              hpl/core/hpl_core_m0plus_base.o (__aeabi_uidiv)
c:/program files (x86)/atmel/studio/7.0/toolchain/arm/arm-gnu-toolchain/bin/../lib/gcc/arm-none-eabi/6.3.1/thumb/v6-m\libgcc.a(_dvmd_tls.o)
                              c:/program files (x86)/atmel/studio/7.0/toolchain/arm/arm-gnu-toolchain/bin/../lib/gcc/arm-none-eabi/6.3.1/thumb/v6-m\libgcc.a(_udivsi3.o) (__aeabi_idiv0)
c:/program files (x86)/atmel/studio/7.0/toolchain/arm/arm-gnu-toolchain/bin/../lib/gcc/arm-none-eabi/6.3.1/thumb/v6-m\libgcc.a(_arm_cmpsf2.o)
                              main.o (__aeabi_fcmplt)
c:/program files (x86)/atmel/studio/7.0/toolchain/arm/arm-gnu-toolchain/bin/../lib/gcc/arm-none-eabi/6.3.1/thumb/v6-m\libgcc.a(_aeabi_uldivmod.o)
                              hpl/sercom/hpl_sercom.o (__aeabi_uldivmod)
c:/program files (x86)/atmel/studio/7.0/toolchain/arm/arm-gnu-toolchain/bin/../lib/gcc/arm-none-eabi/6.3.1/thumb/v6-m\libgcc.a(_muldi3.o)
                              hpl/sercom/hpl_sercom.o (__aeabi_lmul)
c:/program files (x86)/atmel/studio/7.0/toolchain/arm/arm-gnu-toolchain/bin/../lib/gcc/arm-none-eabi/6.3.1/thumb/v6-m\libgcc.a(_fixunsdfsi.o)
                              hpl/sercom/hpl_sercom.o (__aeabi_d2uiz)
c:/program files (x86)/atmel/studio/7.0/toolchain/arm/arm-gnu-toolchain/bin/../lib/gcc/arm-none-eabi/6.3.1/thumb/v6-m\libgcc.a(_udivmoddi4.o)
                              c:/program files (x86)/atmel/studio/7.0/toolchain/arm/arm-gnu-toolchain/bin/../lib/gcc/arm-none-eabi/6.3.1/thumb/v6-m\libgcc.a(_aeabi_uldivmod.o) (__udivmoddi4)
c:/program files (x86)/atmel/studio/7.0/toolchain/arm/arm-gnu-toolchain/bin/../lib/gcc/arm-none-eabi/6.3.1/thumb/v6-m\libgcc.a(eqsf2.o)
                              c:/program files (x86)/atmel/studio/7.0/toolchain/arm/arm-gnu-toolchain/bin/../lib/gcc/arm-none-eabi/6.3.1/thumb/v6-m\libgcc.a(_arm_cmpsf2.o) (__eqsf2)
c:/program files (x86)/atmel/studio/7.0/toolchain/arm/arm-gnu-toolchain/bin/../lib/gcc/arm-none-eabi/6.3.1/thumb/v6-m\libgcc.a(gesf2.o)
                              c:/program files (x86)/atmel/studio/7.0/toolchain/arm/arm-gnu-toolchain/bin/../lib/gcc/arm-none-eabi/6.3.1/thumb/v6-m\libgcc.a(_arm_cmpsf2.o) (__gesf2)
c:/program files (x86)/atmel/studio/7.0/toolchain/arm/arm-gnu-toolchain/bin/../lib/gcc/arm-none-eabi/6.3.1/thumb/v6-m\libgcc.a(lesf2.o)
                              c:/program files (x86)/atmel/studio/7.0/toolchain/arm/arm-gnu-toolchain/bin/../lib/gcc/arm-none-eabi/6.3.1/thumb/v6-m\libgcc.a(_arm_cmpsf2.o) (__lesf2)
c:/program files (x86)/atmel/studio/7.0/toolchain/arm/arm-gnu-toolchain/bin/../lib/gcc/arm-none-eabi/6.3.1/thumb/v6-m\libgcc.a(mulsf3.o)
                              LTC2984_support_functions.o (__aeabi_fmul)
c:/program files (x86)/atmel/studio/7.0/toolchain/arm/arm-gnu-toolchain/bin/../lib/gcc/arm-none-eabi/6.3.1/thumb/v6-m\libgcc.a(floatsisf.o)
                              LTC2984_support_functions.o (__aeabi_i2f)
c:/program files (x86)/atmel/studio/7.0/toolchain/arm/arm-gnu-toolchain/bin/../lib/gcc/arm-none-eabi/6.3.1/thumb/v6-m\libgcc.a(divdf3.o)
                              hpl/sercom/hpl_sercom.o (__aeabi_ddiv)
c:/program files (x86)/atmel/studio/7.0/toolchain/arm/arm-gnu-toolchain/bin/../lib/gcc/arm-none-eabi/6.3.1/thumb/v6-m\libgcc.a(muldf3.o)
                              hpl/sercom/hpl_sercom.o (__aeabi_dmul)
c:/program files (x86)/atmel/studio/7.0/toolchain/arm/arm-gnu-toolchain/bin/../lib/gcc/arm-none-eabi/6.3.1/thumb/v6-m\libgcc.a(subdf3.o)
                              hpl/sercom/hpl_sercom.o (__aeabi_dsub)
c:/program files (x86)/atmel/studio/7.0/toolchain/arm/arm-gnu-toolchain/bin/../lib/gcc/arm-none-eabi/6.3.1/thumb/v6-m\libgcc.a(fixdfsi.o)
                              c:/program files (x86)/atmel/studio/7.0/toolchain/arm/arm-gnu-toolchain/bin/../lib/gcc/arm-none-eabi/6.3.1/thumb/v6-m\libgcc.a(_fixunsdfsi.o) (__aeabi_d2iz)
c:/program files (x86)/atmel/studio/7.0/toolchain/arm/arm-gnu-toolchain/bin/../lib/gcc/arm-none-eabi/6.3.1/thumb/v6-m\libgcc.a(floatsidf.o)
                              hpl/sercom/hpl_sercom.o (__aeabi_i2d)
c:/program files (x86)/atmel/studio/7.0/toolchain/arm/arm-gnu-toolchain/bin/../lib/gcc/arm-none-eabi/6.3.1/thumb/v6-m\libgcc.a(floatunsidf.o)
                              hpl/sercom/hpl_sercom.o (__aeabi_ui2d)
c:/program files (x86)/atmel/studio/7.0/toolchain/arm/arm-gnu-toolchain/bin/../lib/gcc/arm-none-eabi/6.3.1/thumb/v6-m\libgcc.a(extendsfdf2.o)
                              main.o (__aeabi_f2d)
c:/program files (x86)/atmel/studio/7.0/toolchain/arm/arm-gnu-toolchain/bin/../lib/gcc/arm-none-eabi/6.3.1/thumb/v6-m\libgcc.a(_arm_cmpdf2.o)
[...]
Memory Configuration

Name             Origin             Length             Attributes
rom              0x00000000         0x00040000         xr
ram              0x20000000         0x00008000         xrw
*default*        0x00000000         0xffffffff

Linker script and memory map

LOAD c:/program files (x86)/atmel/studio/7.0/toolchain/arm/arm-gnu-toolchain/bin/../lib/gcc/arm-none-eabi/6.3.1/thumb/v6-m/crti.o
LOAD c:/program files (x86)/atmel/studio/7.0/toolchain/arm/arm-gnu-toolchain/bin/../lib/gcc/arm-none-eabi/6.3.1/thumb/v6-m/crtbegin.o
LOAD c:/program files (x86)/atmel/studio/7.0/toolchain/arm/arm-gnu-toolchain/bin/../lib/gcc/arm-none-eabi/6.3.1/../../../../arm-none-eabi/lib/thumb/v6-m/crt0.o
LOAD atmel_start.o
LOAD Device_Startup/startup_samd21.o
LOAD Device_Startup/system_samd21.o
LOAD driver_init.o
LOAD examples/driver_examples.o
LOAD hal/src/hal_atomic.o
LOAD hal/src/hal_delay.o
LOAD hal/src/hal_gpio.o
LOAD hal/src/hal_init.o
LOAD hal/src/hal_io.o
LOAD hal/src/hal_sleep.o
LOAD hal/src/hal_spi_m_sync.o
LOAD hal/src/hal_usart_sync.o
LOAD hal/utils/src/utils_assert.o
LOAD hal/utils/src/utils_event.o
LOAD hal/utils/src/utils_list.o
LOAD hal/utils/src/utils_syscalls.o
LOAD hpl/core/hpl_core_m0plus_base.o
LOAD hpl/core/hpl_init.o
LOAD hpl/dmac/hpl_dmac.o
LOAD hpl/gclk/hpl_gclk.o
LOAD hpl/pm/hpl_pm.o
LOAD hpl/sercom/hpl_sercom.o
LOAD hpl/sysctrl/hpl_sysctrl.o
LOAD main.o
LOAD LTC2984_support_functions.o
LOAD LT_SPI.o
START GROUP
LOAD c:/program files (x86)/atmel/studio/7.0/toolchain/arm/arm-gnu-toolchain/bin/../lib/gcc/arm-none-eabi/6.3.1/../../../../arm-none-eabi/lib/thumb/v6-m\libm.a
END GROUP
START GROUP
LOAD c:/program files (x86)/atmel/studio/7.0/toolchain/arm/arm-gnu-toolchain/bin/../lib/gcc/arm-none-eabi/6.3.1/thumb/v6-m\libgcc.a
LOAD c:/program files (x86)/atmel/studio/7.0/toolchain/arm/arm-gnu-toolchain/bin/../lib/gcc/arm-none-eabi/6.3.1/../../../../arm-none-eabi/lib/thumb/v6-m\libc_nano.a
END GROUP
START GROUP
LOAD c:/program files (x86)/atmel/studio/7.0/toolchain/arm/arm-gnu-toolchain/bin/../lib/gcc/arm-none-eabi/6.3.1/thumb/v6-m\libgcc.a
LOAD c:/program files (x86)/atmel/studio/7.0/toolchain/arm/arm-gnu-toolchain/bin/../lib/gcc/arm-none-eabi/6.3.1/../../../../arm-none-eabi/lib/thumb/v6-m\libc_nano.a
END GROUP
LOAD c:/program files (x86)/atmel/studio/7.0/toolchain/arm/arm-gnu-toolchain/bin/../lib/gcc/arm-none-eabi/6.3.1/thumb/v6-m/crtend.o
LOAD c:/program files (x86)/atmel/studio/7.0/toolchain/arm/arm-gnu-toolchain/bin/../lib/gcc/arm-none-eabi/6.3.1/thumb/v6-m/crtn.o
                0x00002000                STACK_SIZE = DEFINED (STACK_SIZE)?STACK_SIZE:DEFINED (__stack_size__)?__stack_size__:0x2000

.text           0x00000000      0xbac
                0x00000000                . = ALIGN (0x4)
                0x00000000                _sfixed = .
 *(.vectors .vectors.*)
 .vectors       0x00000000       0xb4 Device_Startup/startup_samd21.o
                0x00000000                exception_table
 *(.text .text.* .gnu.linkonce.t.*)
 .text          0x000000b4       0x60 c:/program files (x86)/atmel/studio/7.0/toolchain/arm/arm-gnu-toolchain/bin/../lib/gcc/arm-none-eabi/6.3.1/thumb/v6-m/crtbegin.o
 .text.atmel_start_init
                0x00000114        0xc atmel_start.o
                0x00000114                atmel_start_init
 .text.Dummy_Handler
                0x00000120        0x2 Device_Startup/startup_samd21.o
                0x00000120                SVCall_Handler
                0x00000120                DMAC_Handler
                0x00000120                HardFault_Handler
                0x00000120                AC_Handler
                0x00000120                SysTick_Handler
                0x00000120                PendSV_Handler
                0x00000120                TC7_Handler
                0x00000120                SERCOM1_Handler
                0x00000120                ADC_Handler
                0x00000120                NonMaskableInt_Handler
                0x00000120                TCC1_Handler
                0x00000120                SERCOM2_Handler
                0x00000120                TCC0_Handler
                0x00000120                RTC_Handler
                0x00000120                EIC_Handler
                0x00000120                TC6_Handler
                0x00000120                WDT_Handler
                0x00000120                TC4_Handler
                0x00000120                USB_Handler
                0x00000120                TC3_Handler
                0x00000120                Dummy_Handler
                0x00000120                PM_Handler
                0x00000120                SERCOM5_Handler
                0x00000120                TCC2_Handler
                0x00000120                EVSYS_Handler
                0x00000120                SERCOM3_Handler
                0x00000120                SERCOM4_Handler
                0x00000120                I2S_Handler
                0x00000120                NVMCTRL_Handler
                0x00000120                SERCOM0_Handler
                0x00000120                DAC_Handler
                0x00000120                PTC_Handler
                0x00000120                TC5_Handler
                0x00000120                SYSCTRL_Handler
 *fill*         0x00000122        0x2 
 .text.Reset_Handler
                0x00000124       0xe4 Device_Startup/startup_samd21.o
                0x00000124                Reset_Handler
 .text.USART_0_PORT_init
                0x00000208       0x40 driver_init.o
                0x00000208                USART_0_PORT_init
 .text.USART_0_CLOCK_init
                0x00000248       0x20 driver_init.o
                0x00000248                USART_0_CLOCK_init
 .text.USART_0_init
                0x00000268       0x2c driver_init.o
                0x00000268                USART_0_init
 .text.SPI_0_PORT_init
                0x00000294       0xbc driver_init.o
                0x00000294                SPI_0_PORT_init
 .text.SPI_0_CLOCK_init
                0x00000350       0x20 driver_init.o
                0x00000350                SPI_0_CLOCK_init
 .text.SPI_0_init
                0x00000370       0x28 driver_init.o
                0x00000370                SPI_0_init
 .text.system_init
                0x00000398       0x1c driver_init.o
                0x00000398                system_init
 .text.io_write
                0x000003b4       0x34 hal/src/hal_io.o
                0x000003b4                io_write
 .text.spi_m_sync_init
                0x000003e8       0x54 hal/src/hal_spi_m_sync.o
                0x000003e8                spi_m_sync_init
 .text.spi_m_sync_transfer
                0x0000043c       0x48 hal/src/hal_spi_m_sync.o
                0x0000043c                spi_m_sync_transfer
 .text._spi_m_sync_io_write
                0x00000484       0x3c hal/src/hal_spi_m_sync.o
 .text._spi_m_sync_io_read
                0x000004c0       0x3c hal/src/hal_spi_m_sync.o
 .text.usart_sync_write
                0x000004fc       0x7c hal/src/hal_usart_sync.o
 .text.usart_sync_read
                0x00000578       0x68 hal/src/hal_usart_sync.o
 .text.usart_sync_init
                0x000005e0       0x4c hal/src/hal_usart_sync.o
                0x000005e0                usart_sync_init
 .text.usart_sync_enable
                0x0000062c       0x2c hal/src/hal_usart_sync.o
                0x0000062c                usart_sync_enable
 .text.usart_sync_get_io_descriptor
                0x00000658       0x2c hal/src/hal_usart_sync.o
                0x00000658                usart_sync_get_io_descriptor
 .text.assert   0x00000684        0x8 hal/utils/src/utils_assert.o
                0x00000684                assert
 .text._init_chip
                0x0000068c       0x30 hpl/core/hpl_init.o
                0x0000068c                _init_chip
 .text._gclk_init_generators_by_fref
                0x000006bc       0x20 hpl/gclk/hpl_gclk.o
                0x000006bc                _gclk_init_generators_by_fref
 .text._pm_init
                0x000006dc       0x20 hpl/pm/hpl_pm.o
                0x000006dc                _pm_init
 .text._usart_init
                0x000006fc       0x9c hpl/sercom/hpl_sercom.o
 .text._usart_sync_init
                0x00000798       0x2c hpl/sercom/hpl_sercom.o
                0x00000798                _usart_sync_init
 .text._usart_sync_enable
                0x000007c4       0x14 hpl/sercom/hpl_sercom.o
                0x000007c4                _usart_sync_enable
 .text._usart_sync_write_byte
                0x000007d8        0x8 hpl/sercom/hpl_sercom.o
                0x000007d8                _usart_sync_write_byte
 .text._usart_sync_read_byte
                0x000007e0        0x8 hpl/sercom/hpl_sercom.o
                0x000007e0                _usart_sync_read_byte
 .text._usart_sync_is_ready_to_send
                0x000007e8        0xa hpl/sercom/hpl_sercom.o
                0x000007e8                _usart_sync_is_ready_to_send
 .text._usart_sync_is_transmit_done
                0x000007f2        0xa hpl/sercom/hpl_sercom.o
                0x000007f2                _usart_sync_is_transmit_done
 .text._usart_sync_is_byte_received
                0x000007fc        0xa hpl/sercom/hpl_sercom.o
                0x000007fc                _usart_sync_is_byte_received
 *fill*         0x00000806        0x2 
 .text._spi_m_sync_init
                0x00000808       0xf8 hpl/sercom/hpl_sercom.o
                0x00000808                _spi_m_sync_init
 .text._spi_m_sync_trans
                0x00000900      0x110 hpl/sercom/hpl_sercom.o
                0x00000900                _spi_m_sync_trans
 .text._sysctrl_init_sources
                0x00000a10       0x48 hpl/sysctrl/hpl_sysctrl.o
                0x00000a10                _sysctrl_init_sources
 .text._sysctrl_init_referenced_generators
                0x00000a58       0x10 hpl/sysctrl/hpl_sysctrl.o
                0x00000a58                _sysctrl_init_referenced_generators
 .text.main     0x00000a68       0x3c main.o
                0x00000a68                main
 .text.__libc_init_array
                0x00000aa4       0x48 c:/program files (x86)/atmel/studio/7.0/toolchain/arm/arm-gnu-toolchain/bin/../lib/gcc/arm-none-eabi/6.3.1/../../../../arm-none-eabi/lib/thumb/v6-m\libc_nano.a(lib_a-init.o)
                0x00000aa4                __libc_init_array
 *(.glue_7t)
 .glue_7t       0x00000aec        0x0 linker stubs
 *(.glue_7)
 .glue_7        0x00000aec        0x0 linker stubs
 *(.rodata .rodata* .gnu.linkonce.r.*)
 .rodata.str1.4
                0x00000aec       0x14 hal/src/hal_io.o
 .rodata.str1.4
                0x00000b00       0x1c hal/src/hal_spi_m_sync.o
 .rodata.str1.4
                0x00000b1c       0x1c hal/src/hal_usart_sync.o
 .rodata.str1.4
                0x00000b38       0x1b hpl/sercom/hpl_sercom.o
 *fill*         0x00000b53        0x1 
 .rodata.str1.4
                0x00000b54       0x38 main.o
                                 0x35 (size before relaxing)
 *(.ARM.extab* .gnu.linkonce.armextab.*)
                0x00000b8c                . = ALIGN (0x4)
 *(.init)
 .init          0x00000b8c        0x4 c:/program files (x86)/atmel/studio/7.0/toolchain/arm/arm-gnu-toolchain/bin/../lib/gcc/arm-none-eabi/6.3.1/thumb/v6-m/crti.o
                0x00000b8c                _init
 .init          0x00000b90        0x8 c:/program files (x86)/atmel/studio/7.0/toolchain/arm/arm-gnu-toolchain/bin/../lib/gcc/arm-none-eabi/6.3.1/thumb/v6-m/crtn.o
                0x00000b98                . = ALIGN (0x4)
                0x00000b98                __preinit_array_start = .
 *(.preinit_array)
                0x00000b98                __preinit_array_end = .
                0x00000b98                . = ALIGN (0x4)
                0x00000b98                __init_array_start = .
 *(SORT(.init_array.*))
 *(.init_array)
 .init_array    0x00000b98        0x4 c:/program files (x86)/atmel/studio/7.0/toolchain/arm/arm-gnu-toolchain/bin/../lib/gcc/arm-none-eabi/6.3.1/thumb/v6-m/crtbegin.o
                0x00000b9c                __init_array_end = .
                0x00000b9c                . = ALIGN (0x4)
 *crtbegin.o(.ctors)
 *(EXCLUDE_FILE(*crtend.o) .ctors)
 *(SORT(.ctors.*))
 *crtend.o(.ctors)
                0x00000b9c                . = ALIGN (0x4)
 *(.fini)
 .fini          0x00000b9c        0x4 c:/program files (x86)/atmel/studio/7.0/toolchain/arm/arm-gnu-toolchain/bin/../lib/gcc/arm-none-eabi/6.3.1/thumb/v6-m/crti.o
                0x00000b9c                _fini
 .fini          0x00000ba0        0x8 c:/program files (x86)/atmel/studio/7.0/toolchain/arm/arm-gnu-toolchain/bin/../lib/gcc/arm-none-eabi/6.3.1/thumb/v6-m/crtn.o
                0x00000ba8                . = ALIGN (0x4)
                0x00000ba8                __fini_array_start = .
 *(.fini_array)
 .fini_array    0x00000ba8        0x4 c:/program files (x86)/atmel/studio/7.0/toolchain/arm/arm-gnu-toolchain/bin/../lib/gcc/arm-none-eabi/6.3.1/thumb/v6-m/crtbegin.o
 *(SORT(.fini_array.*))
                0x00000bac                __fini_array_end = .
 *crtbegin.o(.dtors)
 *(EXCLUDE_FILE(*crtend.o) .dtors)
 *(SORT(.dtors.*))
 *crtend.o(.dtors)
                0x00000bac                . = ALIGN (0x4)
                0x00000bac                _efixed = .
                [!provide]                PROVIDE (__exidx_start, .)

.vfp11_veneer   0x00000bac        0x0
 .vfp11_veneer  0x00000bac        0x0 linker stubs

.v4_bx          0x00000bac        0x0
 .v4_bx         0x00000bac        0x0 linker stubs

.iplt           0x00000bac        0x0
 .iplt          0x00000bac        0x0 c:/program files (x86)/atmel/studio/7.0/toolchain/arm/arm-gnu-toolchain/bin/../lib/gcc/arm-none-eabi/6.3.1/thumb/v6-m/crtbegin.o

.eh_frame       0x00000bac        0x0
 .eh_frame      0x00000bac        0x0 c:/program files (x86)/atmel/studio/7.0/toolchain/arm/arm-gnu-toolchain/bin/../lib/gcc/arm-none-eabi/6.3.1/thumb/v6-m/crtbegin.o

.rel.dyn        0x00000bac        0x0
 .rel.iplt      0x00000bac        0x0 c:/program files (x86)/atmel/studio/7.0/toolchain/arm/arm-gnu-toolchain/bin/../lib/gcc/arm-none-eabi/6.3.1/thumb/v6-m/crtbegin.o

.jcr            0x00000bac        0x0
 .jcr           0x00000bac        0x0 c:/program files (x86)/atmel/studio/7.0/toolchain/arm/arm-gnu-toolchain/bin/../lib/gcc/arm-none-eabi/6.3.1/thumb/v6-m/crtbegin.o

.igot.plt       0x00000bac        0x0
 .igot.plt      0x00000bac        0x0 c:/program files (x86)/atmel/studio/7.0/toolchain/arm/arm-gnu-toolchain/bin/../lib/gcc/arm-none-eabi/6.3.1/thumb/v6-m/crtbegin.o

.ARM.exidx
 *(.ARM.exidx* .gnu.linkonce.armexidx.*)
                [!provide]                PROVIDE (__exidx_end, .)
                0x00000bac                . = ALIGN (0x4)
                0x00000bac                _etext = .

.relocate       0x20000000        0x0 load address 0x00000bac
                0x20000000                . = ALIGN (0x4)
                0x20000000                _srelocate = .
 *(.ramfunc .ramfunc.*)
 *(.data .data.*)
                0x20000000                . = ALIGN (0x4)
                0x20000000                _erelocate = .

.bss            0x20000000       0x3c
                0x20000000                . = ALIGN (0x4)
                0x20000000                _sbss = .
                0x20000000                _szero = .
 *(.bss .bss.*)
 .bss           0x20000000       0x1c c:/program files (x86)/atmel/studio/7.0/toolchain/arm/arm-gnu-toolchain/bin/../lib/gcc/arm-none-eabi/6.3.1/thumb/v6-m/crtbegin.o
 *(COMMON)
 COMMON         0x2000001c       0x20 driver_init.o
                0x2000001c                SPI_0
                0x20000030                USART_0
                0x2000003c                . = ALIGN (0x4)
                0x2000003c                _ebss = .
                0x2000003c                _ezero = .

.stack          0x2000003c     0x2004
                0x20000040                . = ALIGN (0x8)
 *fill*         0x2000003c        0x4 
                0x20000040                _sstack = .
                0x20002040                . = (. + STACK_SIZE)
 *fill*         0x20000040     0x2000 
                0x20002040                . = ALIGN (0x8)
                0x20002040                _estack = .
                0x20002040                . = ALIGN (0x4)
                0x20002040                _end = .
OUTPUT(TCLAB.elf elf32-littlearm)

.ARM.attributes
                0x00000000       0x28
 .ARM.attributes
                0x00000000       0x1e c:/program files (x86)/atmel/studio/7.0/toolchain/arm/arm-gnu-toolchain/bin/../lib/gcc/arm-none-eabi/6.3.1/thumb/v6-m/crti.o
 .ARM.attributes
                0x0000001e       0x2c c:/program files (x86)/atmel/studio/7.0/toolchain/arm/arm-gnu-toolchain/bin/../lib/gcc/arm-none-eabi/6.3.1/thumb/v6-m/crtbegin.o
 .ARM.attributes
                0x0000004a       0x32 atmel_start.o
 .ARM.attributes
                0x0000007c       0x32 Device_Startup/startup_samd21.o
 .ARM.attributes
                0x000000ae       0x32 driver_init.o
 .ARM.attributes
                0x000000e0       0x32 hal/src/hal_io.o
 .ARM.attributes
                0x00000112       0x32 hal/src/hal_spi_m_sync.o
 .ARM.attributes
                0x00000144       0x32 hal/src/hal_usart_sync.o
 .ARM.attributes
                0x00000176       0x32 hal/utils/src/utils_assert.o
 .ARM.attributes
                0x000001a8       0x32 hpl/core/hpl_init.o
 .ARM.attributes
                0x000001da       0x32 hpl/gclk/hpl_gclk.o
 .ARM.attributes
                0x0000020c       0x32 hpl/pm/hpl_pm.o
 .ARM.attributes
                0x0000023e       0x32 hpl/sercom/hpl_sercom.o
 .ARM.attributes
                0x00000270       0x32 hpl/sysctrl/hpl_sysctrl.o
 .ARM.attributes
                0x000002a2       0x32 main.o
 .ARM.attributes
                0x000002d4       0x2c c:/program files (x86)/atmel/studio/7.0/toolchain/arm/arm-gnu-toolchain/bin/../lib/gcc/arm-none-eabi/6.3.1/../../../../arm-none-eabi/lib/thumb/v6-m\libc_nano.a(lib_a-init.o)
 .ARM.attributes
                0x00000300       0x1e c:/program files (x86)/atmel/studio/7.0/toolchain/arm/arm-gnu-toolchain/bin/../lib/gcc/arm-none-eabi/6.3.1/thumb/v6-m/crtn.o

.comment        0x00000000       0x59
 .comment       0x00000000       0x59 atmel_start.o
                                 0x5a (size before relaxing)
 .comment       0x00000059       0x5a Device_Startup/startup_samd21.o
 .comment       0x00000059       0x5a driver_init.o
 .comment       0x00000059       0x5a hal/src/hal_io.o
 .comment       0x00000059       0x5a hal/src/hal_spi_m_sync.o
 .comment       0x00000059       0x5a hal/src/hal_usart_sync.o
 .comment       0x00000059       0x5a hal/utils/src/utils_assert.o
 .comment       0x00000059       0x5a hpl/core/hpl_init.o
 .comment       0x00000059       0x5a hpl/gclk/hpl_gclk.o
 .comment       0x00000059       0x5a hpl/pm/hpl_pm.o
 .comment       0x00000059       0x5a hpl/sercom/hpl_sercom.o
 .comment       0x00000059       0x5a hpl/sysctrl/hpl_sysctrl.o
 .comment       0x00000059       0x5a main.o

.debug_info     0x00000000    0x1c76e
 .debug_info    0x00000000      0x286 atmel_start.o
 .debug_info    0x00000286     0x3a28 Device_Startup/startup_samd21.o
 .debug_info    0x00003cae     0x7f1e driver_init.o
 .debug_info    0x0000bbcc      0x2b2 hal/src/hal_io.o
 .debug_info    0x0000be7e      0x955 hal/src/hal_spi_m_sync.o
 .debug_info    0x0000c7d3      0xc56 hal/src/hal_usart_sync.o
 .debug_info    0x0000d429      0x107 hal/utils/src/utils_assert.o
 .debug_info    0x0000d530      0x677 hpl/core/hpl_init.o
 .debug_info    0x0000dba7      0x4e1 hpl/gclk/hpl_gclk.o
 .debug_info    0x0000e088      0xc6d hpl/pm/hpl_pm.o
 .debug_info    0x0000ecf5     0xb324 hpl/sercom/hpl_sercom.o
 .debug_info    0x0001a019     0x13f7 hpl/sysctrl/hpl_sysctrl.o
 .debug_info    0x0001b410     0x135e main.o

.debug_abbrev   0x00000000     0x1c7b
 .debug_abbrev  0x00000000       0xda atmel_start.o
 .debug_abbrev  0x000000da      0x234 Device_Startup/startup_samd21.o
 .debug_abbrev  0x0000030e      0x367 driver_init.o
 .debug_abbrev  0x00000675      0x115 hal/src/hal_io.o
 .debug_abbrev  0x0000078a      0x1a8 hal/src/hal_spi_m_sync.o
 .debug_abbrev  0x00000932      0x217 hal/src/hal_usart_sync.o
 .debug_abbrev  0x00000b49       0x86 hal/utils/src/utils_assert.o
 .debug_abbrev  0x00000bcf      0x1cc hpl/core/hpl_init.o
 .debug_abbrev  0x00000d9b      0x1c3 hpl/gclk/hpl_gclk.o
 .debug_abbrev  0x00000f5e      0x211 hpl/pm/hpl_pm.o
 .debug_abbrev  0x0000116f      0x58f hpl/sercom/hpl_sercom.o
 .debug_abbrev  0x000016fe      0x224 hpl/sysctrl/hpl_sysctrl.o
 .debug_abbrev  0x00001922      0x359 main.o

.debug_loc      0x00000000     0x9ee1
 .debug_loc     0x00000000       0x20 atmel_start.o
 .debug_loc     0x00000020       0x40 Device_Startup/startup_samd21.o
 .debug_loc     0x00000060      0x871 driver_init.o
 .debug_loc     0x000008d1      0x18a hal/src/hal_io.o
 .debug_loc     0x00000a5b      0x689 hal/src/hal_spi_m_sync.o
 .debug_loc     0x000010e4      0x9b2 hal/src/hal_usart_sync.o
 .debug_loc     0x00001a96       0x4c hpl/core/hpl_init.o
 .debug_loc     0x00001ae2       0xa3 hpl/gclk/hpl_gclk.o
 .debug_loc     0x00001b85      0x11b hpl/pm/hpl_pm.o
 .debug_loc     0x00001ca0     0x7ea3 hpl/sercom/hpl_sercom.o
 .debug_loc     0x00009b43      0x121 hpl/sysctrl/hpl_sysctrl.o
 .debug_loc     0x00009c64      0x27d main.o

.debug_aranges  0x00000000      0x808
 .debug_aranges
                0x00000000       0x20 atmel_start.o
 .debug_aranges
                0x00000020       0x28 Device_Startup/startup_samd21.o
 .debug_aranges
                0x00000048       0x50 driver_init.o
 .debug_aranges
                0x00000098       0x30 hal/src/hal_io.o
 .debug_aranges
                0x000000c8       0x80 hal/src/hal_spi_m_sync.o
 .debug_aranges
                0x00000148       0xa8 hal/src/hal_usart_sync.o
 .debug_aranges
                0x000001f0       0x20 hal/utils/src/utils_assert.o
 .debug_aranges
                0x00000210       0x20 hpl/core/hpl_init.o
 .debug_aranges
                0x00000230       0x28 hpl/gclk/hpl_gclk.o
 .debug_aranges
                0x00000258       0x30 hpl/pm/hpl_pm.o
 .debug_aranges
                0x00000288      0x4c8 hpl/sercom/hpl_sercom.o
 .debug_aranges
                0x00000750       0x28 hpl/sysctrl/hpl_sysctrl.o
 .debug_aranges
                0x00000778       0x90 main.o

.debug_ranges   0x00000000      0xc18
 .debug_ranges  0x00000000       0x10 atmel_start.o
 .debug_ranges  0x00000010       0x18 Device_Startup/startup_samd21.o
 .debug_ranges  0x00000028       0x40 driver_init.o
 .debug_ranges  0x00000068       0x20 hal/src/hal_io.o
 .debug_ranges  0x00000088       0x70 hal/src/hal_spi_m_sync.o
 .debug_ranges  0x000000f8       0x98 hal/src/hal_usart_sync.o
 .debug_ranges  0x00000190       0x10 hal/utils/src/utils_assert.o
 .debug_ranges  0x000001a0       0x10 hpl/core/hpl_init.o
 .debug_ranges  0x000001b0       0x18 hpl/gclk/hpl_gclk.o
 .debug_ranges  0x000001c8       0x20 hpl/pm/hpl_pm.o
 .debug_ranges  0x000001e8      0x968 hpl/sercom/hpl_sercom.o
 .debug_ranges  0x00000b50       0x30 hpl/sysctrl/hpl_sysctrl.o
 .debug_ranges  0x00000b80       0x98 main.o

.debug_macro    0x00000000    0x1741b
 .debug_macro   0x00000000      0x528 atmel_start.o
 .debug_macro   0x00000528      0x89e atmel_start.o
 .debug_macro   0x00000dc6      0x16d atmel_start.o
 .debug_macro   0x00000f33       0x22 atmel_start.o
 .debug_macro   0x00000f55       0x87 atmel_start.o
 .debug_macro   0x00000fdc       0x51 atmel_start.o
 .debug_macro   0x0000102d       0xef atmel_start.o
 .debug_macro   0x0000111c       0x6a atmel_start.o
 .debug_macro   0x00001186      0x1df atmel_start.o
 .debug_macro   0x00001365       0x22 atmel_start.o
 .debug_macro   0x00001387       0x3f atmel_start.o
 .debug_macro   0x000013c6       0x28 atmel_start.o
 .debug_macro   0x000013ee       0x85 atmel_start.o
 .debug_macro   0x00001473      0x375 atmel_start.o
 .debug_macro   0x000017e8      0x67e atmel_start.o
 .debug_macro   0x00001e66      0x8b1 atmel_start.o
 .debug_macro   0x00002717      0x22e atmel_start.o
 .debug_macro   0x00002945      0xd5c atmel_start.o
 .debug_macro   0x000036a1      0x4dc atmel_start.o
 .debug_macro   0x00003b7d      0x9f6 atmel_start.o
 .debug_macro   0x00004573      0x82b atmel_start.o
 .debug_macro   0x00004d9e      0x45f atmel_start.o
 .debug_macro   0x000051fd       0x5e atmel_start.o
 .debug_macro   0x0000525b      0x8f9 atmel_start.o
 .debug_macro   0x00005b54      0x21c atmel_start.o
 .debug_macro   0x00005d70      0x735 atmel_start.o
 .debug_macro   0x000064a5       0x5e atmel_start.o
 .debug_macro   0x00006503      0x632 atmel_start.o
 .debug_macro   0x00006b35      0x3ac atmel_start.o
 .debug_macro   0x00006ee1      0xc76 atmel_start.o
 .debug_macro   0x00007b57     0x1092 atmel_start.o
 .debug_macro   0x00008be9      0xc4a atmel_start.o
 .debug_macro   0x00009833      0x6ba atmel_start.o
 .debug_macro   0x00009eed     0x1b3d atmel_start.o
 .debug_macro   0x0000ba2a     0x143c atmel_start.o
 .debug_macro   0x0000ce66      0x340 atmel_start.o
 .debug_macro   0x0000d1a6       0x7c atmel_start.o
 .debug_macro   0x0000d222       0xa0 atmel_start.o
 .debug_macro   0x0000d2c2       0x4c atmel_start.o
 .debug_macro   0x0000d30e       0xca atmel_start.o
 .debug_macro   0x0000d3d8       0x94 atmel_start.o
 .debug_macro   0x0000d46c       0x58 atmel_start.o
 .debug_macro   0x0000d4c4      0x341 atmel_start.o
 .debug_macro   0x0000d805       0x82 atmel_start.o
 .debug_macro   0x0000d887      0x189 atmel_start.o
 .debug_macro   0x0000da10       0xb8 atmel_start.o
 .debug_macro   0x0000dac8       0xa0 atmel_start.o
 .debug_macro   0x0000db68       0xb2 atmel_start.o
 .debug_macro   0x0000dc1a       0x1c atmel_start.o
 .debug_macro   0x0000dc36       0x1c atmel_start.o
 .debug_macro   0x0000dc52       0x1c atmel_start.o
 .debug_macro   0x0000dc6e       0x7c atmel_start.o
 .debug_macro   0x0000dcea      0x15a atmel_start.o
 .debug_macro   0x0000de44       0x10 atmel_start.o
 .debug_macro   0x0000de54       0xdc atmel_start.o
 .debug_macro   0x0000df30      0x124 atmel_start.o
 .debug_macro   0x0000e054      0x124 atmel_start.o
 .debug_macro   0x0000e178      0x124 atmel_start.o
 .debug_macro   0x0000e29c      0x124 atmel_start.o
 .debug_macro   0x0000e3c0      0x124 atmel_start.o
 .debug_macro   0x0000e4e4      0x124 atmel_start.o
 .debug_macro   0x0000e608      0x124 atmel_start.o
 .debug_macro   0x0000e72c       0xe2 atmel_start.o
 .debug_macro   0x0000e80e       0xe2 atmel_start.o
 .debug_macro   0x0000e8f0       0xe2 atmel_start.o
 .debug_macro   0x0000e9d2       0xe2 atmel_start.o
 .debug_macro   0x0000eab4       0xe2 atmel_start.o
 .debug_macro   0x0000eb96      0x12a atmel_start.o
 .debug_macro   0x0000ecc0      0x100 atmel_start.o
 .debug_macro   0x0000edc0       0xf4 atmel_start.o
 .debug_macro   0x0000eeb4      0x40f atmel_start.o
 .debug_macro   0x0000f2c3       0x40 atmel_start.o
 .debug_macro   0x0000f303      0x392 atmel_start.o
 .debug_macro   0x0000f695     0x1fb0 atmel_start.o
 .debug_macro   0x00011645       0x6d atmel_start.o
 .debug_macro   0x000116b2       0x10 atmel_start.o
 .debug_macro   0x000116c2       0x10 atmel_start.o
 .debug_macro   0x000116d2       0x16 atmel_start.o
 .debug_macro   0x000116e8       0x16 atmel_start.o
 .debug_macro   0x000116fe       0x16 atmel_start.o
 .debug_macro   0x00011714       0x16 atmel_start.o
 .debug_macro   0x0001172a       0x16 atmel_start.o
 .debug_macro   0x00011740       0x16 atmel_start.o
 .debug_macro   0x00011756       0x16 atmel_start.o
 .debug_macro   0x0001176c       0x16 atmel_start.o
 .debug_macro   0x00011782       0x16 atmel_start.o
 .debug_macro   0x00011798       0x16 atmel_start.o
 .debug_macro   0x000117ae       0x16 atmel_start.o
 .debug_macro   0x000117c4       0x16 atmel_start.o
 .debug_macro   0x000117da       0x16 atmel_start.o
 .debug_macro   0x000117f0       0x16 atmel_start.o
 .debug_macro   0x00011806      0x4c3 atmel_start.o
 .debug_macro   0x00011cc9       0x94 atmel_start.o
 .debug_macro   0x00011d5d       0x16 atmel_start.o
 .debug_macro   0x00011d73       0x6a atmel_start.o
 .debug_macro   0x00011ddd      0x28c atmel_start.o
 .debug_macro   0x00012069      0x4d8 atmel_start.o
 .debug_macro   0x00012541       0x16 atmel_start.o
 .debug_macro   0x00012557       0xca atmel_start.o
 .debug_macro   0x00012621       0x1c atmel_start.o
 .debug_macro   0x0001263d       0x16 atmel_start.o
 .debug_macro   0x00012653       0x52 atmel_start.o
 .debug_macro   0x000126a5       0xc9 atmel_start.o
 .debug_macro   0x0001276e      0x301 Device_Startup/startup_samd21.o
 .debug_macro   0x00012a6f       0x39 Device_Startup/startup_samd21.o
 .debug_macro   0x00012aa8      0x53d driver_init.o
 .debug_macro   0x00012fe5       0x42 driver_init.o
 .debug_macro   0x00013027      0x442 hal/src/hal_io.o
 .debug_macro   0x00013469      0x485 hal/src/hal_spi_m_sync.o
 .debug_macro   0x000138ee      0x469 hal/src/hal_usart_sync.o
 .debug_macro   0x00013d57      0x438 hal/utils/src/utils_assert.o
 .debug_macro   0x0001418f       0x10 hal/utils/src/utils_assert.o
 .debug_macro   0x0001419f      0x4a9 hpl/core/hpl_init.o
 .debug_macro   0x00014648       0x2e hpl/core/hpl_init.o
 .debug_macro   0x00014676      0x6ec hpl/core/hpl_init.o
 .debug_macro   0x00014d62      0x44b hpl/gclk/hpl_gclk.o
 .debug_macro   0x000151ad      0x1f3 hpl/gclk/hpl_gclk.o
 .debug_macro   0x000153a0      0x46e hpl/pm/hpl_pm.o
 .debug_macro   0x0001580e      0x670 hpl/sercom/hpl_sercom.o
 .debug_macro   0x00015e7e       0x70 hpl/sercom/hpl_sercom.o
 .debug_macro   0x00015eee      0x15b hpl/sercom/hpl_sercom.o
 .debug_macro   0x00016049       0x10 hpl/sercom/hpl_sercom.o
 .debug_macro   0x00016059       0x1c hpl/sercom/hpl_sercom.o
 .debug_macro   0x00016075       0x22 hpl/sercom/hpl_sercom.o
 .debug_macro   0x00016097       0x10 hpl/sercom/hpl_sercom.o
 .debug_macro   0x000160a7      0x445 hpl/sysctrl/hpl_sysctrl.o
 .debug_macro   0x000164ec      0x2da hpl/sysctrl/hpl_sysctrl.o
 .debug_macro   0x000167c6      0x6d3 main.o
 .debug_macro   0x00016e99       0x16 main.o
 .debug_macro   0x00016eaf      0x56c main.o

.debug_line     0x00000000     0xa365
 .debug_line    0x00000000      0xa9e atmel_start.o
 .debug_line    0x00000a9e      0x6f1 Device_Startup/startup_samd21.o
 .debug_line    0x0000118f      0xbf2 driver_init.o
 .debug_line    0x00001d81      0x982 hal/src/hal_io.o
 .debug_line    0x00002703      0xad1 hal/src/hal_spi_m_sync.o
 .debug_line    0x000031d4      0xb5a hal/src/hal_usart_sync.o
 .debug_line    0x00003d2e      0x938 hal/utils/src/utils_assert.o
 .debug_line    0x00004666      0xa18 hpl/core/hpl_init.o
 .debug_line    0x0000507e      0x992 hpl/gclk/hpl_gclk.o
 .debug_line    0x00005a10      0x9de hpl/pm/hpl_pm.o
 .debug_line    0x000063ee     0x27d1 hpl/sercom/hpl_sercom.o
 .debug_line    0x00008bbf      0x9cf hpl/sysctrl/hpl_sysctrl.o
 .debug_line    0x0000958e      0xdd7 main.o

.debug_str      0x00000000    0x8ab69
 .debug_str     0x00000000    0x792bd atmel_start.o
                              0x7973e (size before relaxing)
 .debug_str     0x000792bd     0x10b4 Device_Startup/startup_samd21.o
                              0x71334 (size before relaxing)
 .debug_str     0x0007a371     0x1279 driver_init.o
                              0x7b7d9 (size before relaxing)
 .debug_str     0x0007b5ea       0x3a hal/src/hal_io.o
                              0x78e9d (size before relaxing)
 .debug_str     0x0007b624      0x2d7 hal/src/hal_spi_m_sync.o
                              0x79753 (size before relaxing)
 .debug_str     0x0007b8fb      0x4aa hal/src/hal_usart_sync.o
                              0x7993d (size before relaxing)
 .debug_str     0x0007bda5       0x2a hal/utils/src/utils_assert.o
                              0x78e00 (size before relaxing)
 .debug_str     0x0007bdcf     0x17d7 hpl/core/hpl_init.o
                              0x7a9f5 (size before relaxing)
 .debug_str     0x0007d5a6      0x84a hpl/gclk/hpl_gclk.o
                              0x79718 (size before relaxing)
 .debug_str     0x0007ddf0      0x194 hpl/pm/hpl_pm.o
                              0x79554 (size before relaxing)
 .debug_str     0x0007df84     0x497e hpl/sercom/hpl_sercom.o
                              0x7ecb1 (size before relaxing)
 .debug_str     0x00082902     0x11b6 hpl/sysctrl/hpl_sysctrl.o
                              0x7a0ab (size before relaxing)
 .debug_str     0x00083ab8     0x70b1 main.o
                              0x808a8 (size before relaxing)

.debug_frame    0x00000000     0x1538
 .debug_frame   0x00000000       0x28 atmel_start.o
 .debug_frame   0x00000028       0x40 Device_Startup/startup_samd21.o
 .debug_frame   0x00000068       0xb8 driver_init.o
 .debug_frame   0x00000120       0x58 hal/src/hal_io.o
 .debug_frame   0x00000178      0x16c hal/src/hal_spi_m_sync.o
 .debug_frame   0x000002e4      0x200 hal/src/hal_usart_sync.o
 .debug_frame   0x000004e4       0x20 hal/utils/src/utils_assert.o
 .debug_frame   0x00000504       0x28 hpl/core/hpl_init.o
 .debug_frame   0x0000052c       0x30 hpl/gclk/hpl_gclk.o
 .debug_frame   0x0000055c       0x40 hpl/pm/hpl_pm.o
 .debug_frame   0x0000059c      0xddc hpl/sercom/hpl_sercom.o
 .debug_frame   0x00001378       0x38 hpl/sysctrl/hpl_sysctrl.o
 .debug_frame   0x000013b0      0x15c main.o
 .debug_frame   0x0000150c       0x2c c:/program files (x86)/atmel/studio/7.0/toolchain/arm/arm-gnu-toolchain/bin/../lib/gcc/arm-none-eabi/6.3.1/../../../../arm-none-eabi/lib/thumb/v6-m\libc_nano.a(lib_a-init.o)
